Component: ARM Compiler 5.06 update 6 (build 750) Tool: armlink [4d35ed]

==============================================================================

Section Cross References

    main.o(i.Angle_To_Pwm) refers to dmul.o(x$fpl$dmul) for __aeabi_dmul
    main.o(i.Angle_To_Pwm) refers to dfix.o(x$fpl$dfix) for __aeabi_d2iz
    main.o(i.Angle_To_Pwm) refers to main.o(.bss) for cul_theta
    main.o(i.Angle_To_Pwm) refers to main.o(.data) for Target_PWM
    main.o(i.Cal_Tar_Theta) refers to ddiv.o(x$fpl$ddiv) for __aeabi_ddiv
    main.o(i.Cal_Tar_Theta) refers to atan.o(i.atan) for atan
    main.o(i.Cal_Tar_Theta) refers to pow.o(i.pow) for pow
    main.o(i.Cal_Tar_Theta) refers to daddsub_clz.o(x$fpl$dadd) for __aeabi_dadd
    main.o(i.Cal_Tar_Theta) refers to dmul.o(x$fpl$dmul) for __aeabi_dmul
    main.o(i.Cal_Tar_Theta) refers to daddsub_clz.o(x$fpl$dsub) for __aeabi_dsub
    main.o(i.Cal_Tar_Theta) refers to acos.o(i.acos) for acos
    main.o(i.Cal_Tar_Theta) refers to daddsub_clz.o(x$fpl$drsb) for __aeabi_drsub
    main.o(i.Cal_Tar_Theta) refers to main.o(.data) for target
    main.o(i.Cal_Tar_Theta) refers to main.o(.bss) for theta
    main.o(i.Distance_Measure) refers to dflt_clz.o(x$fpl$dfltu) for __aeabi_ui2d
    main.o(i.Distance_Measure) refers to dmul.o(x$fpl$dmul) for __aeabi_dmul
    main.o(i.Distance_Measure) refers to ddiv.o(x$fpl$ddiv) for __aeabi_ddiv
    main.o(i.Distance_Measure) refers to ultrasonic.o(.data) for TIM3CH2_CAPTURE_STA
    main.o(i.PID_Col_Theta) refers to daddsub_clz.o(x$fpl$dsub) for __aeabi_dsub
    main.o(i.PID_Col_Theta) refers to dmul.o(x$fpl$dmul) for __aeabi_dmul
    main.o(i.PID_Col_Theta) refers to daddsub_clz.o(x$fpl$dadd) for __aeabi_dadd
    main.o(i.PID_Col_Theta) refers to main.o(.bss) for cul_theta
    main.o(i.To_Center) refers to main.o(.data) for Center_PWM
    main.o(i.To_Target) refers to main.o(.data) for Target_PWM
    main.o(i.main) refers to _printf_percent.o(.ARM.Collect$$_printf_percent$$00000000) for _printf_percent
    main.o(i.main) refers to _printf_f.o(.ARM.Collect$$_printf_percent$$00000003) for _printf_f
    main.o(i.main) refers to printf1.o(x$fpl$printf1) for _printf_fp_dec
    main.o(i.main) refers to delay.o(i.delay_init) for delay_init
    main.o(i.main) refers to misc.o(i.NVIC_PriorityGroupConfig) for NVIC_PriorityGroupConfig
    main.o(i.main) refers to usart.o(i.uart_init) for uart_init
    main.o(i.main) refers to led.o(i.LED_Init) for LED_Init
    main.o(i.main) refers to servo.o(i.Servor_GPIO_Config) for Servor_GPIO_Config
    main.o(i.main) refers to tim.o(i.Timer_Init) for Timer_Init
    main.o(i.main) refers to ultrasonic.o(i.Triger_PB3_Init) for Triger_PB3_Init
    main.o(i.main) refers to ultrasonic.o(i.TIM3_Cap_Init) for TIM3_Cap_Init
    main.o(i.main) refers to delay.o(i.delay_ms) for delay_ms
    main.o(i.main) refers to noretval__2printf.o(.text) for __2printf
    main.o(i.main) refers to led.o(i.Led_Test) for Led_Test
    main.o(i.main) refers to main.o(i.PID_Col_Theta) for PID_Col_Theta
    main.o(i.main) refers to main.o(i.Angle_To_Pwm) for Angle_To_Pwm
    main.o(i.main) refers to main.o(i.To_Target) for To_Target
    main.o(i.main) refers to dflt_clz.o(x$fpl$dflt) for __aeabi_i2d
    main.o(i.main) refers to ddiv.o(x$fpl$ddiv) for __aeabi_ddiv
    main.o(i.main) refers to main.o(i.Cal_Tar_Theta) for Cal_Tar_Theta
    main.o(i.main) refers to ultrasonic.o(i.Ultrasonic_Trig) for Ultrasonic_Trig
    main.o(i.main) refers to main.o(i.Distance_Measure) for Distance_Measure
    main.o(i.main) refers to dleqf.o(x$fpl$dleqf) for __aeabi_cdcmple
    main.o(i.main) refers to drleqf.o(x$fpl$drleqf) for __aeabi_cdrcmple
    main.o(i.main) refers to daddsub_clz.o(x$fpl$dadd) for __aeabi_dadd
    main.o(i.main) refers to dflt_clz.o(x$fpl$dfltu) for __aeabi_ui2d
    main.o(i.main) refers to daddsub_clz.o(x$fpl$dsub) for __aeabi_dsub
    main.o(i.main) refers to main.o(.data) for Receive_Finish_Flag
    main.o(i.main) refers to main.o(.bss) for Data_Buffer
    main.o(i.main) refers to ultrasonic.o(.data) for TIM3CH2_CAPTURE_STA
    led.o(i.LED_Init) refers to stm32f10x_rcc.o(i.RCC_APB2PeriphClockCmd) for RCC_APB2PeriphClockCmd
    led.o(i.LED_Init) refers to stm32f10x_gpio.o(i.GPIO_Init) for GPIO_Init
    led.o(i.LED_Init) refers to stm32f10x_gpio.o(i.GPIO_SetBits) for GPIO_SetBits
    led.o(i.Led_Test) refers to stm32f10x_gpio.o(i.GPIO_ResetBits) for GPIO_ResetBits
    led.o(i.Led_Test) refers to delay.o(i.delay_ms) for delay_ms
    led.o(i.Led_Test) refers to stm32f10x_gpio.o(i.GPIO_SetBits) for GPIO_SetBits
    ultrasonic.o(i.TIM3_Cap_Init) refers to stm32f10x_rcc.o(i.RCC_APB1PeriphClockCmd) for RCC_APB1PeriphClockCmd
    ultrasonic.o(i.TIM3_Cap_Init) refers to stm32f10x_rcc.o(i.RCC_APB2PeriphClockCmd) for RCC_APB2PeriphClockCmd
    ultrasonic.o(i.TIM3_Cap_Init) refers to stm32f10x_gpio.o(i.GPIO_PinRemapConfig) for GPIO_PinRemapConfig
    ultrasonic.o(i.TIM3_Cap_Init) refers to stm32f10x_gpio.o(i.GPIO_Init) for GPIO_Init
[...]
    ../clib/signal.c                         0x00000000   Number         0  __raise.o ABSOLUTE
    ../clib/signal.c                         0x00000000   Number         0  defsig_rtmem_formal.o ABSOLUTE
    ../clib/signal.s                         0x00000000   Number         0  defsig.o ABSOLUTE
    ../clib/stdio.c                          0x00000000   Number         0  ferror_locked.o ABSOLUTE
    ../clib/stdio.c                          0x00000000   Number         0  ferror.o ABSOLUTE
    ../clib/stdlib.c                         0x00000000   Number         0  exit.o ABSOLUTE
    ../fplib/daddsub.s                       0x00000000   Number         0  daddsub_clz.o ABSOLUTE
    ../fplib/dcheck1.s                       0x00000000   Number         0  dcheck1.o ABSOLUTE
    ../fplib/dcmpi.s                         0x00000000   Number         0  dcmpi.o ABSOLUTE
    ../fplib/ddiv.s                          0x00000000   Number         0  ddiv.o ABSOLUTE
    ../fplib/dfix.s                          0x00000000   Number         0  dfix.o ABSOLUTE
    ../fplib/dflt.s                          0x00000000   Number         0  dflt_clz.o ABSOLUTE
    ../fplib/dleqf.s                         0x00000000   Number         0  dleqf.o ABSOLUTE
    ../fplib/dmul.s                          0x00000000   Number         0  dmul.o ABSOLUTE
    ../fplib/dnaninf.s                       0x00000000   Number         0  dnaninf.o ABSOLUTE
    ../fplib/dretinf.s                       0x00000000   Number         0  dretinf.o ABSOLUTE
    ../fplib/drleqf.s                        0x00000000   Number         0  drleqf.o ABSOLUTE
    ../fplib/dsqrt.s                         0x00000000   Number         0  dsqrt_noumaal.o ABSOLUTE
    ../fplib/fpinit.s                        0x00000000   Number         0  fpinit.o ABSOLUTE
    ../fplib/istatus.s                       0x00000000   Number         0  istatus.o ABSOLUTE
    ../fplib/printf1.s                       0x00000000   Number         0  printf1.o ABSOLUTE
    ../fplib/retnan.s                        0x00000000   Number         0  retnan.o ABSOLUTE
    ../fplib/scalbn.s                        0x00000000   Number         0  scalbn.o ABSOLUTE
    ../fplib/trapv.s                         0x00000000   Number         0  trapv.o ABSOLUTE
    ../fplib/usenofp.s                       0x00000000   Number         0  usenofp.o ABSOLUTE
    ../mathlib/acos.c                        0x00000000   Number         0  acos_x.o ABSOLUTE
    ../mathlib/acos.c                        0x00000000   Number         0  acos.o ABSOLUTE
    ../mathlib/atan.c                        0x00000000   Number         0  atan_x.o ABSOLUTE
    ../mathlib/atan.c                        0x00000000   Number         0  atan.o ABSOLUTE
    ../mathlib/dunder.c                      0x00000000   Number         0  dunder.o ABSOLUTE
    ../mathlib/fpclassify.c                  0x00000000   Number         0  fpclassify.o ABSOLUTE
    ../mathlib/poly.c                        0x00000000   Number         0  poly.o ABSOLUTE
    ../mathlib/pow.c                         0x00000000   Number         0  pow_x.o ABSOLUTE
    ../mathlib/pow.c                         0x00000000   Number         0  pow.o ABSOLUTE
    ../mathlib/qnan.c                        0x00000000   Number         0  qnan.o ABSOLUTE
    ../mathlib/sqrt.c                        0x00000000   Number         0  sqrt_x.o ABSOLUTE
    ../mathlib/sqrt.c                        0x00000000   Number         0  sqrt.o ABSOLUTE
    D:\Keil_v5\ARM\PACK\Keil\STM32F1xx_DFP\2.1.0\Device\StdPeriph_Driver\src\misc.c 0x00000000   Number         0  misc.o ABSOLUTE
    D:\Keil_v5\ARM\PACK\Keil\STM32F1xx_DFP\2.1.0\Device\StdPeriph_Driver\src\stm32f10x_gpio.c 0x00000000   Number         0  stm32f10x_gpio.o ABSOLUTE
    D:\Keil_v5\ARM\PACK\Keil\STM32F1xx_DFP\2.1.0\Device\StdPeriph_Driver\src\stm32f10x_rcc.c 0x00000000   Number         0  stm32f10x_rcc.o ABSOLUTE
    D:\Keil_v5\ARM\PACK\Keil\STM32F1xx_DFP\2.1.0\Device\StdPeriph_Driver\src\stm32f10x_tim.c 0x00000000   Number         0  stm32f10x_tim.o ABSOLUTE
    D:\Keil_v5\ARM\PACK\Keil\STM32F1xx_DFP\2.1.0\Device\StdPeriph_Driver\src\stm32f10x_usart.c 0x00000000   Number         0  stm32f10x_usart.o ABSOLUTE
    D:\\Keil_v5\\ARM\\PACK\\Keil\\STM32F1xx_DFP\\2.1.0\\Device\\StdPeriph_Driver\\src\\misc.c 0x00000000   Number         0  misc.o ABSOLUTE
    D:\\Keil_v5\\ARM\\PACK\\Keil\\STM32F1xx_DFP\\2.1.0\\Device\\StdPeriph_Driver\\src\\stm32f10x_gpio.c 0x00000000   Number         0  stm32f10x_gpio.o ABSOLUTE
    D:\\Keil_v5\\ARM\\PACK\\Keil\\STM32F1xx_DFP\\2.1.0\\Device\\StdPeriph_Driver\\src\\stm32f10x_rcc.c 0x00000000   Number         0  stm32f10x_rcc.o ABSOLUTE
    D:\\Keil_v5\\ARM\\PACK\\Keil\\STM32F1xx_DFP\\2.1.0\\Device\\StdPeriph_Driver\\src\\stm32f10x_tim.c 0x00000000   Number         0  stm32f10x_tim.o ABSOLUTE
    D:\\Keil_v5\\ARM\\PACK\\Keil\\STM32F1xx_DFP\\2.1.0\\Device\\StdPeriph_Driver\\src\\stm32f10x_usart.c 0x00000000   Number         0  stm32f10x_usart.o ABSOLUTE
    Hardware\LED\led.c                       0x00000000   Number         0  led.o ABSOLUTE
    Hardware\SERVO\servo.c                   0x00000000   Number         0  servo.o ABSOLUTE
    Hardware\TIM\tim.c                       0x00000000   Number         0  tim.o ABSOLUTE
    Hardware\ULTRASONIC\ultrasonic.c         0x00000000   Number         0  ultrasonic.o ABSOLUTE
    Hardware\\LED\\led.c                     0x00000000   Number         0  led.o ABSOLUTE
    Hardware\\SERVO\\servo.c                 0x00000000   Number         0  servo.o ABSOLUTE
    Hardware\\TIM\\tim.c                     0x00000000   Number         0  tim.o ABSOLUTE
    Hardware\\ULTRASONIC\\ultrasonic.c       0x00000000   Number         0  ultrasonic.o ABSOLUTE
    RTE\Device\STM32F103C8\startup_stm32f10x_md.s 0x00000000   Number         0  startup_stm32f10x_md.o ABSOLUTE
    RTE\Device\STM32F103C8\system_stm32f10x.c 0x00000000   Number         0  system_stm32f10x.o ABSOLUTE
    RTE\\Device\\STM32F103C8\\system_stm32f10x.c 0x00000000   Number         0  system_stm32f10x.o ABSOLUTE
    System\Delay\delay.c                     0x00000000   Number         0  delay.o ABSOLUTE
    System\Usart\usart.c                     0x00000000   Number         0  usart.o ABSOLUTE
    System\\Delay\\delay.c                   0x00000000   Number         0  delay.o ABSOLUTE
    System\\Usart\\usart.c                   0x00000000   Number         0  usart.o ABSOLUTE
    System\\sys\\sys.c                       0x00000000   Number         0  sys.o ABSOLUTE
    System\sys\sys.c                         0x00000000   Number         0  sys.o ABSOLUTE
    User\\main.c                             0x00000000   Number         0  main.o ABSOLUTE
    User\main.c                              0x00000000   Number         0  main.o ABSOLUTE
    dc.s                                     0x00000000   Number         0  dc.o ABSOLUTE
    RESET                                    0x08000000   Section      236  startup_stm32f10x_md.o(RESET)
    !!!main                                  0x080000ec   Section        8  __main.o(!!!main)
    !!!scatter                               0x080000f4   Section       52  __scatter.o(!!!scatter)
    !!handler_copy                           0x08000128   Section       26  __scatter_copy.o(!!handler_copy)
    !!handler_zi                             0x08000144   Section       28  __scatter_zi.o(!!handler_zi)
    .ARM.Collect$$_printf_percent$$00000000  0x08000160   Section        0  _printf_percent.o(.ARM.Collect$$_printf_percent$$00000000)
    .ARM.Collect$$_printf_percent$$00000003  0x08000160   Section        6  _printf_f.o(.ARM.Collect$$_printf_percent$$00000003)
    .ARM.Collect$$_printf_percent$$00000017  0x08000166   Section        4  _printf_percent_end.o(.ARM.Collect$$_printf_percent$$00000017)
    .ARM.Collect$$libinit$$00000000          0x0800016a   Section        2  libinit.o(.ARM.Collect$$libinit$$00000000)
    .ARM.Collect$$libinit$$00000002          0x0800016c   Section        0  libinit2.o(.ARM.Collect$$libinit$$00000002)
    .ARM.Collect$$libinit$$00000004          0x0800016c   Section        0  libinit2.o(.ARM.Collect$$libinit$$00000004)
    .ARM.Collect$$libinit$$0000000A          0x0800016c   Section        0  libinit2.o(.ARM.Collect$$libinit$$0000000A)
    .ARM.Collect$$libinit$$0000000C          0x0800016c   Section        0  libinit2.o(.ARM.Collect$$libinit$$0000000C)
    .ARM.Collect$$libinit$$0000000E          0x0800016c   Section        0  libinit2.o(.ARM.Collect$$libinit$$0000000E)
    .ARM.Collect$$libinit$$0000000F          0x0800016c   Section        6  libinit2.o(.ARM.Collect$$libinit$$0000000F)
    .ARM.Collect$$libinit$$00000011          0x08000172   Section        0  libinit2.o(.ARM.Collect$$libinit$$00000011)
    .ARM.Collect$$libinit$$00000013          0x08000172   Section        0  libinit2.o(.ARM.Collect$$libinit$$00000013)
    .ARM.Collect$$libinit$$00000015          0x08000172   Section        0  libinit2.o(.ARM.Collect$$libinit$$00000015)
    .ARM.Collect$$libinit$$00000016          0x08000172   Section       10  libinit2.o(.ARM.Collect$$libinit$$00000016)
    .ARM.Collect$$libinit$$00000017          0x0800017c   Section        0  libinit2.o(.ARM.Collect$$libinit$$00000017)
    .ARM.Collect$$libinit$$00000019          0x0800017c   Section        0  libinit2.o(.ARM.Collect$$libinit$$00000019)
    .ARM.Collect$$libinit$$0000001B          0x0800017c   Section        0  libinit2.o(.ARM.Collect$$libinit$$0000001B)
    .ARM.Collect$$libinit$$0000001D          0x0800017c   Section        0  libinit2.o(.ARM.Collect$$libinit$$0000001D)
    .ARM.Collect$$libinit$$0000001F          0x0800017c   Section        0  libinit2.o(.ARM.Collect$$libinit$$0000001F)
    .ARM.Collect$$libinit$$00000021          0x0800017c   Section        0  libinit2.o(.ARM.Collect$$libinit$$00000021)
    .ARM.Collect$$libinit$$00000023          0x0800017c   Section        0  libinit2.o(.ARM.Collect$$libinit$$00000023)
    .ARM.Collect$$libinit$$00000025          0x0800017c   Section        0  libinit2.o(.ARM.Collect$$libinit$$00000025)
    .ARM.Collect$$libinit$$0000002C          0x0800017c   Section        0  libinit2.o(.ARM.Collect$$libinit$$0000002C)
    .ARM.Collect$$libinit$$0000002E          0x0800017c   Section        0  libinit2.o(.ARM.Collect$$libinit$$0000002E)
    .ARM.Collect$$libinit$$00000030          0x0800017c   Section        0  libinit2.o(.ARM.Collect$$libinit$$00000030)
    .ARM.Collect$$libinit$$00000032          0x0800017c   Section        0  libinit2.o(.ARM.Collect$$libinit$$00000032)
    .ARM.Collect$$libinit$$00000033          0x0800017c   Section        2  libinit2.o(.ARM.Collect$$libinit$$00000033)
    .ARM.Collect$$libshutdown$$00000000      0x0800017e   Section        2  libshutdown.o(.ARM.Collect$$libshutdown$$00000000)
    .ARM.Collect$$libshutdown$$00000002      0x08000180   Section        0  libshutdown2.o(.ARM.Collect$$libshutdown$$00000002)
    .ARM.Collect$$libshutdown$$00000004      0x08000180   Section        0  libshutdown2.o(.ARM.Collect$$libshutdown$$00000004)
    .ARM.Collect$$libshutdown$$00000007      0x08000180   Section        0  libshutdown2.o(.ARM.Collect$$libshutdown$$00000007)
    .ARM.Collect$$libshutdown$$0000000A      0x08000180   Section        0  libshutdown2.o(.ARM.Collect$$libshutdown$$0000000A)
    .ARM.Collect$$libshutdown$$0000000C      0x08000180   Section        0  libshutdown2.o(.ARM.Collect$$libshutdown$$0000000C)
    .ARM.Collect$$libshutdown$$0000000F      0x08000180   Section        0  libshutdown2.o(.ARM.Collect$$libshutdown$$0000000F)
    .ARM.Collect$$libshutdown$$00000010      0x08000180   Section        2  libshutdown2.o(.ARM.Collect$$libshutdown$$00000010)
    .ARM.Collect$$rtentry$$00000000          0x08000182   Section        0  __rtentry.o(.ARM.Collect$$rtentry$$00000000)
    .ARM.Collect$$rtentry$$00000002          0x08000182   Section        0  __rtentry2.o(.ARM.Collect$$rtentry$$00000002)
    .ARM.Collect$$rtentry$$00000004          0x08000182   Section        6  __rtentry4.o(.ARM.Collect$$rtentry$$00000004)
    .ARM.Collect$$rtentry$$00000009          0x08000188   Section        0  __rtentry2.o(.ARM.Collect$$rtentry$$00000009)
    .ARM.Collect$$rtentry$$0000000A          0x08000188   Section        4  __rtentry2.o(.ARM.Collect$$rtentry$$0000000A)
    .ARM.Collect$$rtentry$$0000000C          0x0800018c   Section        0  __rtentry2.o(.ARM.Collect$$rtentry$$0000000C)
    .ARM.Collect$$rtentry$$0000000D          0x0800018c   Section        8  __rtentry2.o(.ARM.Collect$$rtentry$$0000000D)
    .ARM.Collect$$rtexit$$00000000           0x08000194   Section        2  rtexit.o(.ARM.Collect$$rtexit$$00000000)
    .ARM.Collect$$rtexit$$00000002           0x08000196   Section        0  rtexit2.o(.ARM.Collect$$rtexit$$00000002)
    .ARM.Collect$$rtexit$$00000003           0x08000196   Section        4  rtexit2.o(.ARM.Collect$$rtexit$$00000003)
    .ARM.Collect$$rtexit$$00000004           0x0800019a   Section        6  rtexit2.o(.ARM.Collect$$rtexit$$00000004)
    .text                                    0x080001a0   Section       64  startup_stm32f10x_md.o(.text)
    .text                                    0x080001e0   Section        2  use_no_semi_2.o(.text)
    .text                                    0x080001e4   Section        0  noretval__2printf.o(.text)
    .text                                    0x080001fc   Section        0  __printf.o(.text)
    .text                                    0x08000264   Section        0  heapauxi.o(.text)
    .text                                    0x0800026a   Section        2  use_no_semi.o(.text)
    .text                                    0x0800026c   Section        0  _rserrno.o(.text)
    .text                                    0x08000282   Section        0  _printf_fp_dec.o(.text)
    _fp_digits                               0x08000285   Thumb Code   432  _printf_fp_dec.o(.text)
    .text                                    0x080006a0   Section        0  _printf_char_file.o(.text)
    .text                                    0x080006c4   Section        8  rt_locale_intlibspace.o(.text)
    .text                                    0x080006cc   Section        8  rt_errno_addr_intlibspace.o(.text)
    .text                                    0x080006d4   Section      138  lludiv10.o(.text)
    .text                                    0x08000760   Section        0  _printf_char_common.o(.text)
    _printf_input_char                       0x08000761   Thumb Code    10  _printf_char_common.o(.text)
    .text                                    0x08000790   Section        0  _printf_fp_infnan.o(.text)
    .text                                    0x08000810   Section        0  bigflt0.o(.text)
    .text                                    0x080008f4   Section        0  ferror.o(.text)
    .text                                    0x080008fc   Section        8  libspace.o(.text)
    .text                                    0x08000904   Section       74  sys_stackheap_outer.o(.text)
    .text                                    0x0800094e   Section        0  exit.o(.text)
    .text                                    0x08000960   Section      128  strcmpv7m.o(.text)
    CL$$btod_d2e                             0x080009e0   Section       62  btod.o(CL$$btod_d2e)
    CL$$btod_d2e_denorm_low                  0x08000a1e   Section       70  btod.o(CL$$btod_d2e_denorm_low)
    CL$$btod_d2e_norm_op1                    0x08000a64   Section       96  btod.o(CL$$btod_d2e_norm_op1)
    CL$$btod_div_common                      0x08000ac4   Section      824  btod.o(CL$$btod_div_common)
    CL$$btod_e2e                             0x08000dfc   Section      220  btod.o(CL$$btod_e2e)
    CL$$btod_ediv                            0x08000ed8   Section       42  btod.o(CL$$btod_ediv)
    CL$$btod_emul                            0x08000f02   Section       42  btod.o(CL$$btod_emul)
    CL$$btod_mult_common                     0x08000f2c   Section      580  btod.o(CL$$btod_mult_common)
    i.Angle_To_Pwm                           0x08001170   Section        0  main.o(i.Angle_To_Pwm)
    i.Cal_Tar_Theta                          0x080011e4   Section        0  main.o(i.Cal_Tar_Theta)
    i.Distance_Measure                       0x08001488   Section        0  main.o(i.Distance_Measure)
    i.Flip_GPIO_One                          0x080014ec   Section        0  servo.o(i.Flip_GPIO_One)
    i.GPIO_Init                              0x080016d0   Section        0  stm32f10x_gpio.o(i.GPIO_Init)
    i.GPIO_PinRemapConfig                    0x080017e8   Section        0  stm32f10x_gpio.o(i.GPIO_PinRemapConfig)
    i.GPIO_ResetBits                         0x08001878   Section        0  stm32f10x_gpio.o(i.GPIO_ResetBits)
    i.GPIO_SetBits                           0x0800187c   Section        0  stm32f10x_gpio.o(i.GPIO_SetBits)
    i.LED_Init                               0x08001880   Section        0  led.o(i.LED_Init)
    i.Led_Test                               0x080018b8   Section        0  led.o(i.Led_Test)
    i.NVIC_Init                              0x080018e0   Section        0  misc.o(i.NVIC_Init)
    i.NVIC_PriorityGroupConfig               0x08001950   Section        0  misc.o(i.NVIC_PriorityGroupConfig)
    i.PID_Col_Theta                          0x08001964   Section        0  main.o(i.PID_Col_Theta)
    i.RCC_APB1PeriphClockCmd                 0x080019d8   Section        0  stm32f10x_rcc.o(i.RCC_APB1PeriphClockCmd)
    i.RCC_APB1PeriphResetCmd                 0x080019f8   Section        0  stm32f10x_rcc.o(i.RCC_APB1PeriphResetCmd)
    i.RCC_APB2PeriphClockCmd                 0x08001a18   Section        0  stm32f10x_rcc.o(i.RCC_APB2PeriphClockCmd)
    i.RCC_APB2PeriphResetCmd                 0x08001a38   Section        0  stm32f10x_rcc.o(i.RCC_APB2PeriphResetCmd)
    i.RCC_GetClocksFreq                      0x08001a58   Section        0  stm32f10x_rcc.o(i.RCC_GetClocksFreq)
    i.Servo1                                 0x08001b2c   Section        0  servo.o(i.Servo1)
    i.Servor_GPIO_Config                     0x08001b44   Section        0  servo.o(i.Servor_GPIO_Config)
    i.SetSysClock                            0x08001bac   Section        0  system_stm32f10x.o(i.SetSysClock)
    SetSysClock                              0x08001bad   Thumb Code     8  system_stm32f10x.o(i.SetSysClock)
    i.SetSysClockTo72                        0x08001bb4   Section        0  system_stm32f10x.o(i.SetSysClockTo72)
    SetSysClockTo72                          0x08001bb5   Thumb Code   214  system_stm32f10x.o(i.SetSysClockTo72)
    i.SysTick_CLKSourceConfig                0x08001c94   Section        0  misc.o(i.SysTick_CLKSourceConfig)
    i.SystemInit                             0x08001cbc   Section        0  system_stm32f10x.o(i.SystemInit)
    i.TI1_Config                             0x08001d1c   Section        0  stm32f10x_tim.o(i.TI1_Config)
    TI1_Config                               0x08001d1d   Thumb Code   108  stm32f10x_tim.o(i.TI1_Config)
    i.TI2_Config                             0x08001d9c   Section        0  stm32f10x_tim.o(i.TI2_Config)
    TI2_Config                               0x08001d9d   Thumb Code   130  stm32f10x_tim.o(i.TI2_Config)
    i.TI3_Config                             0x08001e34   Section        0  stm32f10x_tim.o(i.TI3_Config)
    TI3_Config                               0x08001e35   Thumb Code   122  stm32f10x_tim.o(i.TI3_Config)
    i.TI4_Config                             0x08001ec4   Section        0  stm32f10x_tim.o(i.TI4_Config)
    TI4_Config                               0x08001ec5   Thumb Code   130  stm32f10x_tim.o(i.TI4_Config)
    i.TIM2_Configuration                     0x08001f5c   Section        0  tim.o(i.TIM2_Configuration)
    i.TIM2_IRQHandler                        0x08001fb2   Section        0  tim.o(i.TIM2_IRQHandler)
    i.TIM2_NVIC_Configuration                0x08001fd4   Section        0  tim.o(i.TIM2_NVIC_Configuration)
    i.TIM3_Cap_Init                          0x08001ffc   Section        0  ultrasonic.o(i.TIM3_Cap_Init)
    i.TIM3_IRQHandler                        0x080020b8   Section        0  ultrasonic.o(i.TIM3_IRQHandler)
    i.TIM_ClearFlag                          0x08002178   Section        0  stm32f10x_tim.o(i.TIM_ClearFlag)
    i.TIM_ClearITPendingBit                  0x0800217e   Section        0  stm32f10x_tim.o(i.TIM_ClearITPendingBit)
    i.TIM_Cmd                                0x08002184   Section        0  stm32f10x_tim.o(i.TIM_Cmd)
    i.TIM_DeInit                             0x0800219c   Section        0  stm32f10x_tim.o(i.TIM_DeInit)
    i.TIM_GetCapture2                        0x08002384   Section        0  stm32f10x_tim.o(i.TIM_GetCapture2)
    i.TIM_GetITStatus                        0x0800238a   Section        0  stm32f10x_tim.o(i.TIM_GetITStatus)
    i.TIM_ICInit                             0x080023ac   Section        0  stm32f10x_tim.o(i.TIM_ICInit)
    i.TIM_ITConfig                           0x08002458   Section        0  stm32f10x_tim.o(i.TIM_ITConfig)
    i.TIM_OC2PolarityConfig                  0x0800246a   Section        0  stm32f10x_tim.o(i.TIM_OC2PolarityConfig)
    i.TIM_SetCounter                         0x08002484   Section        0  stm32f10x_tim.o(i.TIM_SetCounter)
    i.TIM_SetIC1Prescaler                    0x08002488   Section        0  stm32f10x_tim.o(i.TIM_SetIC1Prescaler)
    i.TIM_SetIC2Prescaler                    0x0800249a   Section        0  stm32f10x_tim.o(i.TIM_SetIC2Prescaler)
    i.TIM_SetIC3Prescaler                    0x080024b4   Section        0  stm32f10x_tim.o(i.TIM_SetIC3Prescaler)
    i.TIM_SetIC4Prescaler                    0x080024c6   Section        0  stm32f10x_tim.o(i.TIM_SetIC4Prescaler)
    i.TIM_TimeBaseInit                       0x080024e0   Section        0  stm32f10x_tim.o(i.TIM_TimeBaseInit)
    i.Timer_Init                             0x08002584   Section        0  tim.o(i.Timer_Init)
    i.To_Target                              0x08002598   Section        0  main.o(i.To_Target)
    i.Triger_PB3_Init                        0x080025b8   Section        0  ultrasonic.o(i.Triger_PB3_Init)
    i.USART1_IRQHandler                      0x080025f8   Section        0  usart.o(i.USART1_IRQHandler)
    i.USART_Cmd                              0x08002704   Section        0  stm32f10x_usart.o(i.USART_Cmd)
    i.USART_GetFlagStatus                    0x0800271c   Section        0  stm32f10x_usart.o(i.USART_GetFlagStatus)
    i.USART_GetITStatus                      0x08002736   Section        0  stm32f10x_usart.o(i.USART_GetITStatus)
    i.USART_ITConfig                         0x0800278a   Section        0  stm32f10x_usart.o(i.USART_ITConfig)
    i.USART_Init                             0x080027d4   Section        0  stm32f10x_usart.o(i.USART_Init)
    i.USART_ReceiveData                      0x080028ac   Section        0  stm32f10x_usart.o(i.USART_ReceiveData)
    i.USART_SendData                         0x080028b6   Section        0  stm32f10x_usart.o(i.USART_SendData)
    i.Ultrasonic_Trig                        0x080028c0   Section        0  ultrasonic.o(i.Ultrasonic_Trig)
    i.__ARM_fpclassify                       0x080028e0   Section        0  fpclassify.o(i.__ARM_fpclassify)
    i.__kernel_poly                          0x08002908   Section        0  poly.o(i.__kernel_poly)
    i.__mathlib_dbl_divzero                  0x080029b4   Section        0  dunder.o(i.__mathlib_dbl_divzero)
    i.__mathlib_dbl_infnan                   0x080029c4   Section        0  dunder.o(i.__mathlib_dbl_infnan)
    i.__mathlib_dbl_infnan2                  0x080029ca   Section        0  dunder.o(i.__mathlib_dbl_infnan2)
    i.__mathlib_dbl_invalid                  0x080029ce   Section        0  dunder.o(i.__mathlib_dbl_invalid)
    i.__mathlib_dbl_overflow                 0x080029da   Section        0  dunder.o(i.__mathlib_dbl_overflow)
    i.__mathlib_dbl_underflow                0x080029e8   Section        0  dunder.o(i.__mathlib_dbl_underflow)
    i._sys_exit                              0x080029f8   Section        0  usart.o(i._sys_exit)
    i.acos                                   0x080029fc   Section        0  acos.o(i.acos)
    i.atan                                   0x08002c78   Section        0  atan.o(i.atan)
    i.delay_init                             0x08002e98   Section        0  delay.o(i.delay_init)
    i.delay_ms                               0x08002edc   Section        0  delay.o(i.delay_ms)
    i.delay_us                               0x08002f28   Section        0  delay.o(i.delay_us)
    i.fputc                                  0x08002f74   Section        0  usart.o(i.fputc)
    i.main                                   0x08002f90   Section        0  main.o(i.main)
    i.pow                                    0x080033b8   Section        0  pow.o(i.pow)
    i.sqrt                                   0x08003d90   Section        0  sqrt.o(i.sqrt)
    i.uart_init                              0x08003ddc   Section        0  usart.o(i.uart_init)
    locale$$code                             0x08003e7c   Section       44  lc_numeric_c.o(locale$$code)
    x$fpl$dadd                               0x08003ea8   Section      336  daddsub_clz.o(x$fpl$dadd)
    _dadd1                                   0x08003eb9   Thumb Code     0  daddsub_clz.o(x$fpl$dadd)
    x$fpl$dcheck1                            0x08003ff8   Section       16  dcheck1.o(x$fpl$dcheck1)
    x$fpl$dcmpinf                            0x08004008   Section       24  dcmpi.o(x$fpl$dcmpinf)
    x$fpl$ddiv                               0x08004020   Section      688  ddiv.o(x$fpl$ddiv)
    ddiv_entry                               0x08004027   Thumb Code     0  ddiv.o(x$fpl$ddiv)
    x$fpl$dfix                               0x080042d0   Section       94  dfix.o(x$fpl$dfix)
    x$fpl$dflt                               0x0800432e   Section       46  dflt_clz.o(x$fpl$dflt)
    x$fpl$dfltu                              0x0800435c   Section       38  dflt_clz.o(x$fpl$dfltu)
    x$fpl$dleqf                              0x08004384   Section      120  dleqf.o(x$fpl$dleqf)
    x$fpl$dmul                               0x080043fc   Section      340  dmul.o(x$fpl$dmul)
    x$fpl$dnaninf                            0x08004550   Section      156  dnaninf.o(x$fpl$dnaninf)
    x$fpl$dretinf                            0x080045ec   Section       12  dretinf.o(x$fpl$dretinf)
    x$fpl$drleqf                             0x080045f8   Section      108  drleqf.o(x$fpl$drleqf)
    x$fpl$drsb                               0x08004664   Section       22  daddsub_clz.o(x$fpl$drsb)
    x$fpl$dsqrt                              0x0800467c   Section      460  dsqrt_noumaal.o(x$fpl$dsqrt)
    x$fpl$dsub                               0x08004848   Section      468  daddsub_clz.o(x$fpl$dsub)
    _dsub1                                   0x08004859   Thumb Code     0  daddsub_clz.o(x$fpl$dsub)
    x$fpl$printf1                            0x08004a1c   Section        4  printf1.o(x$fpl$printf1)
    x$fpl$retnan                             0x08004a20   Section      100  retnan.o(x$fpl$retnan)
    x$fpl$scalbn                             0x08004a84   Section       92  scalbn.o(x$fpl$scalbn)
    x$fpl$trapveneer                         0x08004ae0   Section       48  trapv.o(x$fpl$trapveneer)
    .constdata                               0x08004b10   Section       80  acos.o(.constdata)
    x$fpl$usenofp                            0x08004b10   Section        0  usenofp.o(x$fpl$usenofp)
    pS                                       0x08004b10   Data          48  acos.o(.constdata)
    qS                                       0x08004b40   Data          32  acos.o(.constdata)
    .constdata                               0x08004b60   Section      152  atan.o(.constdata)
    atanhi                                   0x08004b60   Data          32  atan.o(.constdata)
    atanlo                                   0x08004b80   Data          32  atan.o(.constdata)
    aTodd                                    0x08004ba0   Data          40  atan.o(.constdata)
    aTeven                                   0x08004bc8   Data          48  atan.o(.constdata)
    .constdata                               0x08004bf8   Section      136  pow.o(.constdata)
    bp                                       0x08004bf8   Data          16  pow.o(.constdata)
    dp_h                                     0x08004c08   Data          16  pow.o(.constdata)
    dp_l                                     0x08004c18   Data          16  pow.o(.constdata)
    L                                        0x08004c28   Data          48  pow.o(.constdata)
    P                                        0x08004c58   Data          40  pow.o(.constdata)
    .constdata                               0x08004c80   Section        8  qnan.o(.constdata)
    .constdata                               0x08004c88   Section      148  bigflt0.o(.constdata)
    tenpwrs_x                                0x08004c88   Data          60  bigflt0.o(.constdata)
    tenpwrs_i                                0x08004cc4   Data          64  bigflt0.o(.constdata)
    locale$$data                             0x08004d3c   Section       28  lc_numeric_c.o(locale$$data)
    __lcnum_c_name                           0x08004d40   Data           2  lc_numeric_c.o(locale$$data)
    __lcnum_c_start                          0x08004d48   Data           0  lc_numeric_c.o(locale$$data)
    __lcnum_c_point                          0x08004d54   Data           0  lc_numeric_c.o(locale$$data)
    __lcnum_c_thousands                      0x08004d56   Data           0  lc_numeric_c.o(locale$$data)
    __lcnum_c_grouping                       0x08004d57   Data           0  lc_numeric_c.o(locale$$data)
    __lcnum_c_end                            0x08004d58   Data           0  lc_numeric_c.o(locale$$data)
    .data                                    0x20000000   Section      120  main.o(.data)
    .data                                    0x20000078   Section        4  ultrasonic.o(.data)
    .data                                    0x2000007c   Section        3  servo.o(.data)
    .data                                    0x20000080   Section        4  delay.o(.data)
    fac_us                                   0x20000080   Data           1  delay.o(.data)
    fac_ms                                   0x20000082   Data           2  delay.o(.data)
    .data                                    0x20000084   Section        5  usart.o(.data)
    state                                    0x20000088   Data           1  usart.o(.data)
    .data                                    0x20000089   Section       20  stm32f10x_rcc.o(.data)
    APBAHBPrescTable                         0x20000089   Data          16  stm32f10x_rcc.o(.data)
    ADCPrescTable                            0x20000099   Data           4  stm32f10x_rcc.o(.data)
    .data                                    0x200000a0   Section       20  system_stm32f10x.o(.data)
    .bss                                     0x200000b8   Section      160  main.o(.bss)
    .bss                                     0x20000158   Section       96  libspace.o(.bss)
    HEAP                                     0x200001b8   Section      512  startup_stm32f10x_md.o(HEAP)
    Heap_Mem                                 0x200001b8   Data         512  startup_stm32f10x_md.o(HEAP)
    STACK                                    0x200003b8   Section     1024  startup_stm32f10x_md.o(STACK)
    Stack_Mem                                0x200003b8   Data        1024  startup_stm32f10x_md.o(STACK)
    __initial_sp                             0x200007b8   Data           0  startup_stm32f10x_md.o(STACK)

    Global Symbols

    Symbol Name                              Value     Ov Type        Size  Object(Section)

    BuildAttributes$$THM_ISAv4$P$D$K$B$S$PE$A:L22UL41UL21$X:L11$S22US41US21$IEEE1$IW$USESV6$~STKCKD$USESV7$~SHL$OTIME$ROPI$IEEEX$EBA8$UX$STANDARDLIB$REQ8$PRES8$EABIv2 0x00000000   Number         0  anon$$obj.o ABSOLUTE
    __ARM_use_no_argv                        0x00000000   Number         0  main.o ABSOLUTE
    __ARM_exceptions_init                     - Undefined Weak Reference
    __alloca_initialize                       - Undefined Weak Reference
    __arm_preinit_                            - Undefined Weak Reference
    __cpp_initialize__aeabi_                  - Undefined Weak Reference
    __cxa_finalize                            - Undefined Weak Reference
    __sigvec_lookup                           - Undefined Weak Reference
    _atexit_init                              - Undefined Weak Reference
    _call_atexit_fns                          - Undefined Weak Reference
    _clock_init                               - Undefined Weak Reference
    _fp_trap_init                             - Undefined Weak Reference
    _fp_trap_shutdown                         - Undefined Weak Reference
    _get_lc_collate                           - Undefined Weak Reference
    _get_lc_ctype                             - Undefined Weak Reference
    _get_lc_monetary                          - Undefined Weak Reference
    _get_lc_time                              - Undefined Weak Reference
    _getenv_init                              - Undefined Weak Reference
    _handle_redirection                       - Undefined Weak Reference
    _init_alloc                               - Undefined Weak Reference
    _init_user_alloc                          - Undefined Weak Reference
    _initio                                   - Undefined Weak Reference
    _mutex_acquire                            - Undefined Weak Reference
    _mutex_release                            - Undefined Weak Reference
    _printf_post_padding                      - Undefined Weak Reference
    _printf_pre_padding                       - Undefined Weak Reference
    _rand_init                                - Undefined Weak Reference
    _signal_finish                            - Undefined Weak Reference
    _signal_init                              - Undefined Weak Reference
    _terminate_alloc                          - Undefined Weak Reference
    _terminate_user_alloc                     - Undefined Weak Reference
    _terminateio                              - Undefined Weak Reference
    __Vectors_Size                           0x000000ec   Number         0  startup_stm32f10x_md.o ABSOLUTE
    __Vectors                                0x08000000   Data           4  startup_stm32f10x_md.o(RESET)
    __Vectors_End                            0x080000ec   Data           0  startup_stm32f10x_md.o(RESET)
    __main                                   0x080000ed   Thumb Code     8  __main.o(!!!main)
    __scatterload                            0x080000f5   Thumb Code     0  __scatter.o(!!!scatter)
    __scatterload_rt2                        0x080000f5   Thumb Code    44  __scatter.o(!!!scatter)
    __scatterload_rt2_thumb_only             0x080000f5   Thumb Code     0  __scatter.o(!!!scatter)
    __scatterload_null                       0x08000103   Thumb Code     0  __scatter.o(!!!scatter)
    __scatterload_copy                       0x08000129   Thumb Code    26  __scatter_copy.o(!!handler_copy)
    __scatterload_zeroinit                   0x08000145   Thumb Code    28  __scatter_zi.o(!!handler_zi)
    _printf_f                                0x08000161   Thumb Code     0  _printf_f.o(.ARM.Collect$$_printf_percent$$00000003)
    _printf_percent                          0x08000161   Thumb Code     0  _printf_percent.o(.ARM.Collect$$_printf_percent$$00000000)
    _printf_percent_end                      0x08000167   Thumb Code     0  _printf_percent_end.o(.ARM.Collect$$_printf_percent$$00000017)
    __rt_lib_init                            0x0800016b   Thumb Code     0  libinit.o(.ARM.Collect$$libinit$$00000000)
    __rt_lib_init_fp_1                       0x0800016d   Thumb Code     0  libinit2.o(.ARM.Collect$$libinit$$00000002)
    __rt_lib_init_heap_1                     0x0800016d   Thumb Code     0  libinit2.o(.ARM.Collect$$libinit$$0000000A)
    __rt_lib_init_lc_common                  0x0800016d   Thumb Code     0  libinit2.o(.ARM.Collect$$libinit$$0000000F)
    __rt_lib_init_preinit_1                  0x0800016d   Thumb Code     0  libinit2.o(.ARM.Collect$$libinit$$00000004)
    __rt_lib_init_rand_1                     0x0800016d   Thumb Code     0  libinit2.o(.ARM.Collect$$libinit$$0000000E)
    __rt_lib_init_user_alloc_1               0x0800016d   Thumb Code     0  libinit2.o(.ARM.Collect$$libinit$$0000000C)
    __rt_lib_init_lc_collate_1               0x08000173   Thumb Code     0  libinit2.o(.ARM.Collect$$libinit$$00000011)
    __rt_lib_init_lc_ctype_1                 0x08000173   Thumb Code     0  libinit2.o(.ARM.Collect$$libinit$$00000013)
    __rt_lib_init_lc_monetary_1              0x08000173   Thumb Code     0  libinit2.o(.ARM.Collect$$libinit$$00000015)
    __rt_lib_init_lc_numeric_2               0x08000173   Thumb Code     0  libinit2.o(.ARM.Collect$$libinit$$00000016)
    __rt_lib_init_alloca_1                   0x0800017d   Thumb Code     0  libinit2.o(.ARM.Collect$$libinit$$0000002E)
    __rt_lib_init_argv_1                     0x0800017d   Thumb Code     0  libinit2.o(.ARM.Collect$$libinit$$0000002C)
    __rt_lib_init_atexit_1                   0x0800017d   Thumb Code     0  libinit2.o(.ARM.Collect$$libinit$$0000001B)
    __rt_lib_init_clock_1                    0x0800017d   Thumb Code     0  libinit2.o(.ARM.Collect$$libinit$$00000021)
    __rt_lib_init_cpp_1                      0x0800017d   Thumb Code     0  libinit2.o(.ARM.Collect$$libinit$$00000032)
    __rt_lib_init_exceptions_1               0x0800017d   Thumb Code     0  libinit2.o(.ARM.Collect$$libinit$$00000030)
    __rt_lib_init_fp_trap_1                  0x0800017d   Thumb Code     0  libinit2.o(.ARM.Collect$$libinit$$0000001F)
    __rt_lib_init_getenv_1                   0x0800017d   Thumb Code     0  libinit2.o(.ARM.Collect$$libinit$$00000023)
    __rt_lib_init_lc_numeric_1               0x0800017d   Thumb Code     0  libinit2.o(.ARM.Collect$$libinit$$00000017)
    __rt_lib_init_lc_time_1                  0x0800017d   Thumb Code     0  libinit2.o(.ARM.Collect$$libinit$$00000019)
    __rt_lib_init_return                     0x0800017d   Thumb Code     0  libinit2.o(.ARM.Collect$$libinit$$00000033)
    __rt_lib_init_signal_1                   0x0800017d   Thumb Code     0  libinit2.o(.ARM.Collect$$libinit$$0000001D)
    __rt_lib_init_stdio_1                    0x0800017d   Thumb Code     0  libinit2.o(.ARM.Collect$$libinit$$00000025)
    __rt_lib_shutdown                        0x0800017f   Thumb Code     0  libshutdown.o(.ARM.Collect$$libshutdown$$00000000)
    __rt_lib_shutdown_cpp_1                  0x08000181   Thumb Code     0  libshutdown2.o(.ARM.Collect$$libshutdown$$00000002)
    __rt_lib_shutdown_fp_trap_1              0x08000181   Thumb Code     0  libshutdown2.o(.ARM.Collect$$libshutdown$$00000007)
    __rt_lib_shutdown_heap_1                 0x08000181   Thumb Code     0  libshutdown2.o(.ARM.Collect$$libshutdown$$0000000F)
    __rt_lib_shutdown_return                 0x08000181   Thumb Code     0  libshutdown2.o(.ARM.Collect$$libshutdown$$00000010)
    __rt_lib_shutdown_signal_1               0x08000181   Thumb Code     0  libshutdown2.o(.ARM.Collect$$libshutdown$$0000000A)
    __rt_lib_shutdown_stdio_1                0x08000181   Thumb Code     0  libshutdown2.o(.ARM.Collect$$libshutdown$$00000004)
    __rt_lib_shutdown_user_alloc_1           0x08000181   Thumb Code     0  libshutdown2.o(.ARM.Collect$$libshutdown$$0000000C)
    __rt_entry                               0x08000183   Thumb Code     0  __rtentry.o(.ARM.Collect$$rtentry$$00000000)
    __rt_entry_presh_1                       0x08000183   Thumb Code     0  __rtentry2.o(.ARM.Collect$$rtentry$$00000002)
    __rt_entry_sh                            0x08000183   Thumb Code     0  __rtentry4.o(.ARM.Collect$$rtentry$$00000004)
    __rt_entry_li                            0x08000189   Thumb Code     0  __rtentry2.o(.ARM.Collect$$rtentry$$0000000A)
    __rt_entry_postsh_1                      0x08000189   Thumb Code     0  __rtentry2.o(.ARM.Collect$$rtentry$$00000009)
    __rt_entry_main                          0x0800018d   Thumb Code     0  __rtentry2.o(.ARM.Collect$$rtentry$$0000000D)
    __rt_entry_postli_1                      0x0800018d   Thumb Code     0  __rtentry2.o(.ARM.Collect$$rtentry$$0000000C)
    __rt_exit                                0x08000195   Thumb Code     0  rtexit.o(.ARM.Collect$$rtexit$$00000000)
    __rt_exit_ls                             0x08000197   Thumb Code     0  rtexit2.o(.ARM.Collect$$rtexit$$00000003)
    __rt_exit_prels_1                        0x08000197   Thumb Code     0  rtexit2.o(.ARM.Collect$$rtexit$$00000002)
    __rt_exit_exit                           0x0800019b   Thumb Code     0  rtexit2.o(.ARM.Collect$$rtexit$$00000004)
    Reset_Handler                            0x080001a1   Thumb Code     8  startup_stm32f10x_md.o(.text)
    NMI_Handler                              0x080001a9   Thumb Code     2  startup_stm32f10x_md.o(.text)
    HardFault_Handler                        0x080001ab   Thumb Code     2  startup_stm32f10x_md.o(.text)
    MemManage_Handler                        0x080001ad   Thumb Code     2  startup_stm32f10x_md.o(.text)
    BusFault_Handler                         0x080001af   Thumb Code     2  startup_stm32f10x_md.o(.text)
    UsageFault_Handler                       0x080001b1   Thumb Code     2  startup_stm32f10x_md.o(.text)
    SVC_Handler                              0x080001b3   Thumb Code     2  startup_stm32f10x_md.o(.text)
    DebugMon_Handler                         0x080001b5   Thumb Code     2  startup_stm32f10x_md.o(.text)
    PendSV_Handler                           0x080001b7   Thumb Code     2  startup_stm32f10x_md.o(.text)
    SysTick_Handler                          0x080001b9   Thumb Code     2  startup_stm32f10x_md.o(.text)
    ADC1_2_IRQHandler                        0x080001bb   Thumb Code     0  startup_stm32f10x_md.o(.text)
    CAN1_RX1_IRQHandler                      0x080001bb   Thumb Code     0  startup_stm32f10x_md.o(.text)
    CAN1_SCE_IRQHandler                      0x080001bb   Thumb Code     0  startup_stm32f10x_md.o(.text)
    DMA1_Channel1_IRQHandler                 0x080001bb   Thumb Code     0  startup_stm32f10x_md.o(.text)
    DMA1_Channel2_IRQHandler                 0x080001bb   Thumb Code     0  startup_stm32f10x_md.o(.text)
    DMA1_Channel3_IRQHandler                 0x080001bb   Thumb Code     0  startup_stm32f10x_md.o(.text)
    DMA1_Channel4_IRQHandler                 0x080001bb   Thumb Code     0  startup_stm32f10x_md.o(.text)
    DMA1_Channel5_IRQHandler                 0x080001bb   Thumb Code     0  startup_stm32f10x_md.o(.text)
    DMA1_Channel6_IRQHandler                 0x080001bb   Thumb Code     0  startup_stm32f10x_md.o(.text)
    DMA1_Channel7_IRQHandler                 0x080001bb   Thumb Code     0  startup_stm32f10x_md.o(.text)
    EXTI0_IRQHandler                         0x080001bb   Thumb Code     0  startup_stm32f10x_md.o(.text)
    EXTI15_10_IRQHandler                     0x080001bb   Thumb Code     0  startup_stm32f10x_md.o(.text)
    EXTI1_IRQHandler                         0x080001bb   Thumb Code     0  startup_stm32f10x_md.o(.text)
    EXTI2_IRQHandler                         0x080001bb   Thumb Code     0  startup_stm32f10x_md.o(.text)
    EXTI3_IRQHandler                         0x080001bb   Thumb Code     0  startup_stm32f10x_md.o(.text)
    EXTI4_IRQHandler                         0x080001bb   Thumb Code     0  startup_stm32f10x_md.o(.text)
    EXTI9_5_IRQHandler                       0x080001bb   Thumb Code     0  startup_stm32f10x_md.o(.text)
    FLASH_IRQHandler                         0x080001bb   Thumb Code     0  startup_stm32f10x_md.o(.text)
    I2C1_ER_IRQHandler                       0x080001bb   Thumb Code     0  startup_stm32f10x_md.o(.text)
    I2C1_EV_IRQHandler                       0x080001bb   Thumb Code     0  startup_stm32f10x_md.o(.text)
    I2C2_ER_IRQHandler                       0x080001bb   Thumb Code     0  startup_stm32f10x_md.o(.text)
    I2C2_EV_IRQHandler                       0x080001bb   Thumb Code     0  startup_stm32f10x_md.o(.text)
    PVD_IRQHandler                           0x080001bb   Thumb Code     0  startup_stm32f10x_md.o(.text)
    RCC_IRQHandler                           0x080001bb   Thumb Code     0  startup_stm32f10x_md.o(.text)
    RTCAlarm_IRQHandler                      0x080001bb   Thumb Code     0  startup_stm32f10x_md.o(.text)
    RTC_IRQHandler                           0x080001bb   Thumb Code     0  startup_stm32f10x_md.o(.text)
    SPI1_IRQHandler                          0x080001bb   Thumb Code     0  startup_stm32f10x_md.o(.text)
    SPI2_IRQHandler                          0x080001bb   Thumb Code     0  startup_stm32f10x_md.o(.text)
    TAMPER_IRQHandler                        0x080001bb   Thumb Code     0  startup_stm32f10x_md.o(.text)
    TIM1_BRK_IRQHandler                      0x080001bb   Thumb Code     0  startup_stm32f10x_md.o(.text)
    TIM1_CC_IRQHandler                       0x080001bb   Thumb Code     0  startup_stm32f10x_md.o(.text)
    TIM1_TRG_COM_IRQHandler                  0x080001bb   Thumb Code     0  startup_stm32f10x_md.o(.text)
    TIM1_UP_IRQHandler                       0x080001bb   Thumb Code     0  startup_stm32f10x_md.o(.text)
    TIM4_IRQHandler                          0x080001bb   Thumb Code     0  startup_stm32f10x_md.o(.text)
    USART2_IRQHandler                        0x080001bb   Thumb Code     0  startup_stm32f10x_md.o(.text)
    USART3_IRQHandler                        0x080001bb   Thumb Code     0  startup_stm32f10x_md.o(.text)
    USBWakeUp_IRQHandler                     0x080001bb   Thumb Code     0  startup_stm32f10x_md.o(.text)
    USB_HP_CAN1_TX_IRQHandler                0x080001bb   Thumb Code     0  startup_stm32f10x_md.o(.text)
    USB_LP_CAN1_RX0_IRQHandler               0x080001bb   Thumb Code     0  startup_stm32f10x_md.o(.text)
    WWDG_IRQHandler                          0x080001bb   Thumb Code     0  startup_stm32f10x_md.o(.text)
    __user_initial_stackheap                 0x080001bd   Thumb Code     0  startup_stm32f10x_md.o(.text)
    __use_no_semihosting                     0x080001e1   Thumb Code     2  use_no_semi_2.o(.text)
    __2printf                                0x080001e5   Thumb Code    20  noretval__2printf.o(.text)
    __printf                                 0x080001fd   Thumb Code   104  __printf.o(.text)
    __use_two_region_memory                  0x08000265   Thumb Code     2  heapauxi.o(.text)
    __rt_heap_escrow$2region                 0x08000267   Thumb Code     2  heapauxi.o(.text)
    __rt_heap_expand$2region                 0x08000269   Thumb Code     2  heapauxi.o(.text)
    __I$use$semihosting                      0x0800026b   Thumb Code     0  use_no_semi.o(.text)
    __use_no_semihosting_swi                 0x0800026b   Thumb Code     2  use_no_semi.o(.text)
    __read_errno                             0x0800026d   Thumb Code    10  _rserrno.o(.text)
    __set_errno                              0x08000277   Thumb Code    12  _rserrno.o(.text)
    __lib_sel_fp_printf                      0x08000283   Thumb Code     2  _printf_fp_dec.o(.text)
    _printf_fp_dec_real                      0x08000435   Thumb Code   620  _printf_fp_dec.o(.text)
    _printf_char_file                        0x080006a1   Thumb Code    32  _printf_char_file.o(.text)
    __rt_locale                              0x080006c5   Thumb Code     8  rt_locale_intlibspace.o(.text)
    __aeabi_errno_addr                       0x080006cd   Thumb Code     8  rt_errno_addr_intlibspace.o(.text)
    __errno$intlibspace                      0x080006cd   Thumb Code     0  rt_errno_addr_intlibspace.o(.text)
    __rt_errno_addr$intlibspace              0x080006cd   Thumb Code     0  rt_errno_addr_intlibspace.o(.text)
    _ll_udiv10                               0x080006d5   Thumb Code   138  lludiv10.o(.text)
    _printf_char_common                      0x0800076b   Thumb Code    32  _printf_char_common.o(.text)
    _printf_fp_infnan                        0x08000791   Thumb Code   112  _printf_fp_infnan.o(.text)
    _btod_etento                             0x08000811   Thumb Code   224  bigflt0.o(.text)
    ferror                                   0x080008f5   Thumb Code     8  ferror.o(.text)
    __user_libspace                          0x080008fd   Thumb Code     8  libspace.o(.text)
    __user_perproc_libspace                  0x080008fd   Thumb Code     0  libspace.o(.text)
    __user_perthread_libspace                0x080008fd   Thumb Code     0  libspace.o(.text)
    __user_setup_stackheap                   0x08000905   Thumb Code    74  sys_stackheap_outer.o(.text)
    exit                                     0x0800094f   Thumb Code    18  exit.o(.text)
    strcmp                                   0x08000961   Thumb Code   128  strcmpv7m.o(.text)
    _btod_d2e                                0x080009e1   Thumb Code    62  btod.o(CL$$btod_d2e)
    _d2e_denorm_low                          0x08000a1f   Thumb Code    70  btod.o(CL$$btod_d2e_denorm_low)
    _d2e_norm_op1                            0x08000a65   Thumb Code    96  btod.o(CL$$btod_d2e_norm_op1)
    __btod_div_common                        0x08000ac5   Thumb Code   696  btod.o(CL$$btod_div_common)
    _e2e                                     0x08000dfd   Thumb Code   220  btod.o(CL$$btod_e2e)
    _btod_ediv                               0x08000ed9   Thumb Code    42  btod.o(CL$$btod_ediv)
    _btod_emul                               0x08000f03   Thumb Code    42  btod.o(CL$$btod_emul)
    __btod_mult_common                       0x08000f2d   Thumb Code   580  btod.o(CL$$btod_mult_common)
    Angle_To_Pwm                             0x08001171   Thumb Code    98  main.o(i.Angle_To_Pwm)
    Cal_Tar_Theta                            0x080011e5   Thumb Code   638  main.o(i.Cal_Tar_Theta)
    Distance_Measure                         0x08001489   Thumb Code    78  main.o(i.Distance_Measure)
    Flip_GPIO_One                            0x080014ed   Thumb Code   462  servo.o(i.Flip_GPIO_One)
    GPIO_Init                                0x080016d1   Thumb Code   278  stm32f10x_gpio.o(i.GPIO_Init)
    GPIO_PinRemapConfig                      0x080017e9   Thumb Code   138  stm32f10x_gpio.o(i.GPIO_PinRemapConfig)
    GPIO_ResetBits                           0x08001879   Thumb Code     4  stm32f10x_gpio.o(i.GPIO_ResetBits)
    GPIO_SetBits                             0x0800187d   Thumb Code     4  stm32f10x_gpio.o(i.GPIO_SetBits)
    LED_Init                                 0x08001881   Thumb Code    50  led.o(i.LED_Init)
    Led_Test                                 0x080018b9   Thumb Code    36  led.o(i.Led_Test)
    NVIC_Init                                0x080018e1   Thumb Code   100  misc.o(i.NVIC_Init)
    NVIC_PriorityGroupConfig                 0x08001951   Thumb Code    10  misc.o(i.NVIC_PriorityGroupConfig)
    PID_Col_Theta                            0x08001965   Thumb Code   100  main.o(i.PID_Col_Theta)
    RCC_APB1PeriphClockCmd                   0x080019d9   Thumb Code    26  stm32f10x_rcc.o(i.RCC_APB1PeriphClockCmd)
    RCC_APB1PeriphResetCmd                   0x080019f9   Thumb Code    26  stm32f10x_rcc.o(i.RCC_APB1PeriphResetCmd)
    RCC_APB2PeriphClockCmd                   0x08001a19   Thumb Code    26  stm32f10x_rcc.o(i.RCC_APB2PeriphClockCmd)
    RCC_APB2PeriphResetCmd                   0x08001a39   Thumb Code    26  stm32f10x_rcc.o(i.RCC_APB2PeriphResetCmd)
    RCC_GetClocksFreq                        0x08001a59   Thumb Code   192  stm32f10x_rcc.o(i.RCC_GetClocksFreq)
    Servo1                                   0x08001b2d   Thumb Code    18  servo.o(i.Servo1)
    Servor_GPIO_Config                       0x08001b45   Thumb Code    88  servo.o(i.Servor_GPIO_Config)
    SysTick_CLKSourceConfig                  0x08001c95   Thumb Code    40  misc.o(i.SysTick_CLKSourceConfig)
    SystemInit                               0x08001cbd   Thumb Code    78  system_stm32f10x.o(i.SystemInit)
    TIM2_Configuration                       0x08001f5d   Thumb Code    86  tim.o(i.TIM2_Configuration)
    TIM2_IRQHandler                          0x08001fb3   Thumb Code    34  tim.o(i.TIM2_IRQHandler)
    TIM2_NVIC_Configuration                  0x08001fd5   Thumb Code    40  tim.o(i.TIM2_NVIC_Configuration)
    TIM3_Cap_Init                            0x08001ffd   Thumb Code   174  ultrasonic.o(i.TIM3_Cap_Init)
    TIM3_IRQHandler                          0x080020b9   Thumb Code   178  ultrasonic.o(i.TIM3_IRQHandler)
    TIM_ClearFlag                            0x08002179   Thumb Code     6  stm32f10x_tim.o(i.TIM_ClearFlag)
    TIM_ClearITPendingBit                    0x0800217f   Thumb Code     6  stm32f10x_tim.o(i.TIM_ClearITPendingBit)
    TIM_Cmd                                  0x08002185   Thumb Code    24  stm32f10x_tim.o(i.TIM_Cmd)
    TIM_DeInit                               0x0800219d   Thumb Code   424  stm32f10x_tim.o(i.TIM_DeInit)
    TIM_GetCapture2                          0x08002385   Thumb Code     6  stm32f10x_tim.o(i.TIM_GetCapture2)
    TIM_GetITStatus                          0x0800238b   Thumb Code    34  stm32f10x_tim.o(i.TIM_GetITStatus)
    TIM_ICInit                               0x080023ad   Thumb Code   150  stm32f10x_tim.o(i.TIM_ICInit)
    TIM_ITConfig                             0x08002459   Thumb Code    18  stm32f10x_tim.o(i.TIM_ITConfig)
    TIM_OC2PolarityConfig                    0x0800246b   Thumb Code    26  stm32f10x_tim.o(i.TIM_OC2PolarityConfig)
    TIM_SetCounter                           0x08002485   Thumb Code     4  stm32f10x_tim.o(i.TIM_SetCounter)
    TIM_SetIC1Prescaler                      0x08002489   Thumb Code    18  stm32f10x_tim.o(i.TIM_SetIC1Prescaler)
    TIM_SetIC2Prescaler                      0x0800249b   Thumb Code    26  stm32f10x_tim.o(i.TIM_SetIC2Prescaler)
    TIM_SetIC3Prescaler                      0x080024b5   Thumb Code    18  stm32f10x_tim.o(i.TIM_SetIC3Prescaler)
    TIM_SetIC4Prescaler                      0x080024c7   Thumb Code    26  stm32f10x_tim.o(i.TIM_SetIC4Prescaler)
    TIM_TimeBaseInit                         0x080024e1   Thumb Code   122  stm32f10x_tim.o(i.TIM_TimeBaseInit)
    Timer_Init                               0x08002585   Thumb Code    20  tim.o(i.Timer_Init)
    To_Target                                0x08002599   Thumb Code    24  main.o(i.To_Target)
    Triger_PB3_Init                          0x080025b9   Thumb Code    54  ultrasonic.o(i.Triger_PB3_Init)
    USART1_IRQHandler                        0x080025f9   Thumb Code   236  usart.o(i.USART1_IRQHandler)
    USART_Cmd                                0x08002705   Thumb Code    24  stm32f10x_usart.o(i.USART_Cmd)
    USART_GetFlagStatus                      0x0800271d   Thumb Code    26  stm32f10x_usart.o(i.USART_GetFlagStatus)
    USART_GetITStatus                        0x08002737   Thumb Code    84  stm32f10x_usart.o(i.USART_GetITStatus)
    USART_ITConfig                           0x0800278b   Thumb Code    74  stm32f10x_usart.o(i.USART_ITConfig)
    USART_Init                               0x080027d5   Thumb Code   210  stm32f10x_usart.o(i.USART_Init)
    USART_ReceiveData                        0x080028ad   Thumb Code    10  stm32f10x_usart.o(i.USART_ReceiveData)
    USART_SendData                           0x080028b7   Thumb Code     8  stm32f10x_usart.o(i.USART_SendData)
    Ultrasonic_Trig                          0x080028c1   Thumb Code    26  ultrasonic.o(i.Ultrasonic_Trig)
    __ARM_fpclassify                         0x080028e1   Thumb Code    40  fpclassify.o(i.__ARM_fpclassify)
    __kernel_poly                            0x08002909   Thumb Code   170  poly.o(i.__kernel_poly)
    __mathlib_dbl_divzero                    0x080029b5   Thumb Code    12  dunder.o(i.__mathlib_dbl_divzero)
    __mathlib_dbl_infnan                     0x080029c5   Thumb Code     6  dunder.o(i.__mathlib_dbl_infnan)
    __mathlib_dbl_infnan2                    0x080029cb   Thumb Code     4  dunder.o(i.__mathlib_dbl_infnan2)
    __mathlib_dbl_invalid                    0x080029cf   Thumb Code    12  dunder.o(i.__mathlib_dbl_invalid)
    __mathlib_dbl_overflow                   0x080029db   Thumb Code    14  dunder.o(i.__mathlib_dbl_overflow)
    __mathlib_dbl_underflow                  0x080029e9   Thumb Code    10  dunder.o(i.__mathlib_dbl_underflow)
    _sys_exit                                0x080029f9   Thumb Code     4  usart.o(i._sys_exit)
    acos                                     0x080029fd   Thumb Code   574  acos.o(i.acos)
    atan                                     0x08002c79   Thumb Code   474  atan.o(i.atan)
    delay_init                               0x08002e99   Thumb Code    50  delay.o(i.delay_init)
    delay_ms                                 0x08002edd   Thumb Code    72  delay.o(i.delay_ms)
    delay_us                                 0x08002f29   Thumb Code    72  delay.o(i.delay_us)
    fputc                                    0x08002f75   Thumb Code    24  usart.o(i.fputc)
    main                                     0x08002f91   Thumb Code   794  main.o(i.main)
    pow                                      0x080033b9   Thumb Code  2512  pow.o(i.pow)
    sqrt                                     0x08003d91   Thumb Code    76  sqrt.o(i.sqrt)
    uart_init                                0x08003ddd   Thumb Code   152  usart.o(i.uart_init)
    _get_lc_numeric                          0x08003e7d   Thumb Code    44  lc_numeric_c.o(locale$$code)
    __aeabi_dadd                             0x08003ea9   Thumb Code     0  daddsub_clz.o(x$fpl$dadd)
    _dadd                                    0x08003ea9   Thumb Code   332  daddsub_clz.o(x$fpl$dadd)
    __fpl_dcheck_NaN1                        0x08003ff9   Thumb Code    10  dcheck1.o(x$fpl$dcheck1)
    __fpl_dcmp_Inf                           0x08004009   Thumb Code    24  dcmpi.o(x$fpl$dcmpinf)
    __aeabi_ddiv                             0x08004021   Thumb Code     0  ddiv.o(x$fpl$ddiv)
    _ddiv                                    0x08004021   Thumb Code   552  ddiv.o(x$fpl$ddiv)
    __aeabi_d2iz                             0x080042d1   Thumb Code     0  dfix.o(x$fpl$dfix)
    _dfix                                    0x080042d1   Thumb Code    94  dfix.o(x$fpl$dfix)
    __aeabi_i2d                              0x0800432f   Thumb Code     0  dflt_clz.o(x$fpl$dflt)
    _dflt                                    0x0800432f   Thumb Code    46  dflt_clz.o(x$fpl$dflt)
    __aeabi_ui2d                             0x0800435d   Thumb Code     0  dflt_clz.o(x$fpl$dfltu)
    _dfltu                                   0x0800435d   Thumb Code    38  dflt_clz.o(x$fpl$dfltu)
    __aeabi_cdcmple                          0x08004385   Thumb Code     0  dleqf.o(x$fpl$dleqf)
    _dcmple                                  0x08004385   Thumb Code   120  dleqf.o(x$fpl$dleqf)
    __fpl_dcmple_InfNaN                      0x080043e7   Thumb Code     0  dleqf.o(x$fpl$dleqf)
    __aeabi_dmul                             0x080043fd   Thumb Code     0  dmul.o(x$fpl$dmul)
    _dmul                                    0x080043fd   Thumb Code   332  dmul.o(x$fpl$dmul)
    __fpl_dnaninf                            0x08004551   Thumb Code   156  dnaninf.o(x$fpl$dnaninf)
    __fpl_dretinf                            0x080045ed   Thumb Code    12  dretinf.o(x$fpl$dretinf)
    __aeabi_cdrcmple                         0x080045f9   Thumb Code     0  drleqf.o(x$fpl$drleqf)
    _drcmple                                 0x080045f9   Thumb Code   108  drleqf.o(x$fpl$drleqf)
    __aeabi_drsub                            0x08004665   Thumb Code     0  daddsub_clz.o(x$fpl$drsb)
    _drsb                                    0x08004665   Thumb Code    22  daddsub_clz.o(x$fpl$drsb)
    _dsqrt                                   0x0800467d   Thumb Code   456  dsqrt_noumaal.o(x$fpl$dsqrt)
    __aeabi_dsub                             0x08004849   Thumb Code     0  daddsub_clz.o(x$fpl$dsub)
    _dsub                                    0x08004849   Thumb Code   464  daddsub_clz.o(x$fpl$dsub)
    _printf_fp_dec                           0x08004a1d   Thumb Code     4  printf1.o(x$fpl$printf1)
    __fpl_return_NaN                         0x08004a21   Thumb Code   100  retnan.o(x$fpl$retnan)
    __ARM_scalbn                             0x08004a85   Thumb Code    92  scalbn.o(x$fpl$scalbn)
    __fpl_cmpreturn                          0x08004ae1   Thumb Code    48  trapv.o(x$fpl$trapveneer)
    __I$use$fp                               0x08004b10   Number         0  usenofp.o(x$fpl$usenofp)
    __mathlib_zero                           0x08004c80   Data           8  qnan.o(.constdata)
    Region$$Table$$Base                      0x08004d1c   Number         0  anon$$obj.o(Region$$Table)
    Region$$Table$$Limit                     0x08004d3c   Number         0  anon$$obj.o(Region$$Table)
    Data_Flag                                0x20000000   Data           1  main.o(.data)
    Num                                      0x20000002   Data           2  main.o(.data)
    Length                                   0x20000004   Data           2  main.o(.data)
    Data                                     0x20000006   Data           1  main.o(.data)
    Cheak                                    0x20000007   Data           1  main.o(.data)
    Receive_Finish_Flag                      0x20000008   Data           1  main.o(.data)
    l1                                       0x20000010   Data           8  main.o(.data)
    l2                                       0x20000018   Data           8  main.o(.data)
    date                                     0x20000020   Data           3  main.o(.data)
    Center_PWM                               0x20000024   Data          18  main.o(.data)
    Target_PWM                               0x20000036   Data          18  main.o(.data)
    CPWM                                     0x20000048   Data          18  main.o(.data)
    flag_vpwm                                0x2000005a   Data           1  main.o(.data)
    target                                   0x20000060   Data          24  main.o(.data)
    TIM3CH2_CAPTURE_STA                      0x20000078   Data           1  ultrasonic.o(.data)
    TIM3CH2_CAPTURE_VAL                      0x2000007a   Data           2  ultrasonic.o(.data)
    count1                                   0x2000007c   Data           1  servo.o(.data)
    count2                                   0x2000007d   Data           1  servo.o(.data)
    count3                                   0x2000007e   Data           1  servo.o(.data)
    __stdout                                 0x20000084   Data           4  usart.o(.data)
    SystemCoreClock                          0x200000a0   Data           4  system_stm32f10x.o(.data)
    AHBPrescTable                            0x200000a4   Data          16  system_stm32f10x.o(.data)
    Data_Buffer                              0x200000b8   Data           9  main.o(.bss)
    theta                                    0x200000c8   Data          72  main.o(.bss)
    cul_theta                                0x20000110   Data          72  main.o(.bss)
    __libspace_start                         0x20000158   Data          96  libspace.o(.bss)
    __temporary_stack_top$libspace           0x200001b8   Data           0  libspace.o(.bss)



==============================================================================

Memory Map of the image

  Image Entry point : 0x080000ed

  Load Region LR_IROM1 (Base: 0x08000000, Size: 0x00004e0c, Max: 0x00010000, ABSOLUTE)

    Execution Region ER_IROM1 (Exec base: 0x08000000, Load base: 0x08000000, Size: 0x00004d58, Max: 0x00010000, ABSOLUTE)

    Exec Addr    Load Addr    Size         Type   Attr      Idx    E Section Name        Object

    0x08000000   0x08000000   0x000000ec   Data   RO         1637    RESET               startup_stm32f10x_md.o
    0x080000ec   0x080000ec   0x00000008   Code   RO         1722  * !!!main             c_w.l(__main.o)
    0x080000f4   0x080000f4   0x00000034   Code   RO         2040    !!!scatter          c_w.l(__scatter.o)
    0x08000128   0x08000128   0x0000001a   Code   RO         2042    !!handler_copy      c_w.l(__scatter_copy.o)
    0x08000142   0x08000142   0x00000002   PAD
    0x08000144   0x08000144   0x0000001c   Code   RO         2044    !!handler_zi        c_w.l(__scatter_zi.o)
    0x08000160   0x08000160   0x00000000   Code   RO         1719    .ARM.Collect$$_printf_percent$$00000000  c_w.l(_printf_percent.o)
    0x08000160   0x08000160   0x00000006   Code   RO         1718    .ARM.Collect$$_printf_percent$$00000003  c_w.l(_printf_f.o)
    0x08000166   0x08000166   0x00000004   Code   RO         1791    .ARM.Collect$$_printf_percent$$00000017  c_w.l(_printf_percent_end.o)
    0x0800016a   0x0800016a   0x00000002   Code   RO         1913    .ARM.Collect$$libinit$$00000000  c_w.l(libinit.o)
    0x0800016c   0x0800016c   0x00000000   Code   RO         1915    .ARM.Collect$$libinit$$00000002  c_w.l(libinit2.o)
    0x0800016c   0x0800016c   0x00000000   Code   RO         1917    .ARM.Collect$$libinit$$00000004  c_w.l(libinit2.o)
    0x0800016c   0x0800016c   0x00000000   Code   RO         1920    .ARM.Collect$$libinit$$0000000A  c_w.l(libinit2.o)
    0x0800016c   0x0800016c   0x00000000   Code   RO         1922    .ARM.Collect$$libinit$$0000000C  c_w.l(libinit2.o)
    0x0800016c   0x0800016c   0x00000000   Code   RO         1924    .ARM.Collect$$libinit$$0000000E  c_w.l(libinit2.o)
    0x0800016c   0x0800016c   0x00000006   Code   RO         1925    .ARM.Collect$$libinit$$0000000F  c_w.l(libinit2.o)
    0x08000172   0x08000172   0x00000000   Code   RO         1927    .ARM.Collect$$libinit$$00000011  c_w.l(libinit2.o)
    0x08000172   0x08000172   0x00000000   Code   RO         1929    .ARM.Collect$$libinit$$00000013  c_w.l(libinit2.o)
    0x08000172   0x08000172   0x00000000   Code   RO         1931    .ARM.Collect$$libinit$$00000015  c_w.l(libinit2.o)
    0x08000172   0x08000172   0x0000000a   Code   RO         1932    .ARM.Collect$$libinit$$00000016  c_w.l(libinit2.o)
    0x0800017c   0x0800017c   0x00000000   Code   RO         1933    .ARM.Collect$$libinit$$00000017  c_w.l(libinit2.o)
    0x0800017c   0x0800017c   0x00000000   Code   RO         1935    .ARM.Collect$$libinit$$00000019  c_w.l(libinit2.o)
    0x0800017c   0x0800017c   0x00000000   Code   RO         1937    .ARM.Collect$$libinit$$0000001B  c_w.l(libinit2.o)
    0x0800017c   0x0800017c   0x00000000   Code   RO         1939    .ARM.Collect$$libinit$$0000001D  c_w.l(libinit2.o)
    0x0800017c   0x0800017c   0x00000000   Code   RO         1941    .ARM.Collect$$libinit$$0000001F  c_w.l(libinit2.o)
    0x0800017c   0x0800017c   0x00000000   Code   RO         1943    .ARM.Collect$$libinit$$00000021  c_w.l(libinit2.o)
    0x0800017c   0x0800017c   0x00000000   Code   RO         1945    .ARM.Collect$$libinit$$00000023  c_w.l(libinit2.o)
    0x0800017c   0x0800017c   0x00000000   Code   RO         1947    .ARM.Collect$$libinit$$00000025  c_w.l(libinit2.o)
    0x0800017c   0x0800017c   0x00000000   Code   RO         1951    .ARM.Collect$$libinit$$0000002C  c_w.l(libinit2.o)
    0x0800017c   0x0800017c   0x00000000   Code   RO         1953    .ARM.Collect$$libinit$$0000002E  c_w.l(libinit2.o)
    0x0800017c   0x0800017c   0x00000000   Code   RO         1955    .ARM.Collect$$libinit$$00000030  c_w.l(libinit2.o)
    0x0800017c   0x0800017c   0x00000000   Code   RO         1957    .ARM.Collect$$libinit$$00000032  c_w.l(libinit2.o)
    0x0800017c   0x0800017c   0x00000002   Code   RO         1958    .ARM.Collect$$libinit$$00000033  c_w.l(libinit2.o)
    0x0800017e   0x0800017e   0x00000002   Code   RO         1990    .ARM.Collect$$libshutdown$$00000000  c_w.l(libshutdown.o)
    0x08000180   0x08000180   0x00000000   Code   RO         1999    .ARM.Collect$$libshutdown$$00000002  c_w.l(libshutdown2.o)
    0x08000180   0x08000180   0x00000000   Code   RO         2001    .ARM.Collect$$libshutdown$$00000004  c_w.l(libshutdown2.o)
    0x08000180   0x08000180   0x00000000   Code   RO         2004    .ARM.Collect$$libshutdown$$00000007  c_w.l(libshutdown2.o)
    0x08000180   0x08000180   0x00000000   Code   RO         2007    .ARM.Collect$$libshutdown$$0000000A  c_w.l(libshutdown2.o)
    0x08000180   0x08000180   0x00000000   Code   RO         2009    .ARM.Collect$$libshutdown$$0000000C  c_w.l(libshutdown2.o)
    0x08000180   0x08000180   0x00000000   Code   RO         2012    .ARM.Collect$$libshutdown$$0000000F  c_w.l(libshutdown2.o)
    0x08000180   0x08000180   0x00000002   Code   RO         2013    .ARM.Collect$$libshutdown$$00000010  c_w.l(libshutdown2.o)
    0x08000182   0x08000182   0x00000000   Code   RO         1784    .ARM.Collect$$rtentry$$00000000  c_w.l(__rtentry.o)
    0x08000182   0x08000182   0x00000000   Code   RO         1829    .ARM.Collect$$rtentry$$00000002  c_w.l(__rtentry2.o)
    0x08000182   0x08000182   0x00000006   Code   RO         1841    .ARM.Collect$$rtentry$$00000004  c_w.l(__rtentry4.o)
    0x08000188   0x08000188   0x00000000   Code   RO         1831    .ARM.Collect$$rtentry$$00000009  c_w.l(__rtentry2.o)
    0x08000188   0x08000188   0x00000004   Code   RO         1832    .ARM.Collect$$rtentry$$0000000A  c_w.l(__rtentry2.o)
    0x0800018c   0x0800018c   0x00000000   Code   RO         1834    .ARM.Collect$$rtentry$$0000000C  c_w.l(__rtentry2.o)
    0x0800018c   0x0800018c   0x00000008   Code   RO         1835    .ARM.Collect$$rtentry$$0000000D  c_w.l(__rtentry2.o)
    0x08000194   0x08000194   0x00000002   Code   RO         1961    .ARM.Collect$$rtexit$$00000000  c_w.l(rtexit.o)
    0x08000196   0x08000196   0x00000000   Code   RO         1970    .ARM.Collect$$rtexit$$00000002  c_w.l(rtexit2.o)
    0x08000196   0x08000196   0x00000004   Code   RO         1971    .ARM.Collect$$rtexit$$00000003  c_w.l(rtexit2.o)
    0x0800019a   0x0800019a   0x00000006   Code   RO         1972    .ARM.Collect$$rtexit$$00000004  c_w.l(rtexit2.o)
    0x080001a0   0x080001a0   0x00000040   Code   RO         1638    .text               startup_stm32f10x_md.o
    0x080001e0   0x080001e0   0x00000002   Code   RO         1690    .text               c_w.l(use_no_semi_2.o)
    0x080001e2   0x080001e2   0x00000002   PAD
    0x080001e4   0x080001e4   0x00000018   Code   RO         1694    .text               c_w.l(noretval__2printf.o)
    0x080001fc   0x080001fc   0x00000068   Code   RO         1696    .text               c_w.l(__printf.o)
    0x08000264   0x08000264   0x00000006   Code   RO         1720    .text               c_w.l(heapauxi.o)
    0x0800026a   0x0800026a   0x00000002   Code   RO         1782    .text               c_w.l(use_no_semi.o)
    0x0800026c   0x0800026c   0x00000016   Code   RO         1785    .text               c_w.l(_rserrno.o)
    0x08000282   0x08000282   0x0000041e   Code   RO         1787    .text               c_w.l(_printf_fp_dec.o)
    0x080006a0   0x080006a0   0x00000024   Code   RO         1789    .text               c_w.l(_printf_char_file.o)
    0x080006c4   0x080006c4   0x00000008   Code   RO         1846    .text               c_w.l(rt_locale_intlibspace.o)
    0x080006cc   0x080006cc   0x00000008   Code   RO         1851    .text               c_w.l(rt_errno_addr_intlibspace.o)
    0x080006d4   0x080006d4   0x0000008a   Code   RO         1853    .text               c_w.l(lludiv10.o)
    0x0800075e   0x0800075e   0x00000002   PAD
    0x08000760   0x08000760   0x00000030   Code   RO         1855    .text               c_w.l(_printf_char_common.o)
    0x08000790   0x08000790   0x00000080   Code   RO         1857    .text               c_w.l(_printf_fp_infnan.o)
    0x08000810   0x08000810   0x000000e4   Code   RO         1859    .text               c_w.l(bigflt0.o)
    0x080008f4   0x080008f4   0x00000008   Code   RO         1884    .text               c_w.l(ferror.o)
    0x080008fc   0x080008fc   0x00000008   Code   RO         1897    .text               c_w.l(libspace.o)
    0x08000904   0x08000904   0x0000004a   Code   RO         1900    .text               c_w.l(sys_stackheap_outer.o)
    0x0800094e   0x0800094e   0x00000012   Code   RO         1904    .text               c_w.l(exit.o)
    0x08000960   0x08000960   0x00000080   Code   RO         1906    .text               c_w.l(strcmpv7m.o)
    0x080009e0   0x080009e0   0x0000003e   Code   RO         1862    CL$$btod_d2e        c_w.l(btod.o)
    0x08000a1e   0x08000a1e   0x00000046   Code   RO         1864    CL$$btod_d2e_denorm_low  c_w.l(btod.o)
    0x08000a64   0x08000a64   0x00000060   Code   RO         1863    CL$$btod_d2e_norm_op1  c_w.l(btod.o)
    0x08000ac4   0x08000ac4   0x00000338   Code   RO         1872    CL$$btod_div_common  c_w.l(btod.o)
    0x08000dfc   0x08000dfc   0x000000dc   Code   RO         1869    CL$$btod_e2e        c_w.l(btod.o)
    0x08000ed8   0x08000ed8   0x0000002a   Code   RO         1866    CL$$btod_ediv       c_w.l(btod.o)
    0x08000f02   0x08000f02   0x0000002a   Code   RO         1865    CL$$btod_emul       c_w.l(btod.o)
    0x08000f2c   0x08000f2c   0x00000244   Code   RO         1871    CL$$btod_mult_common  c_w.l(btod.o)
    0x08001170   0x08001170   0x00000074   Code   RO            4    i.Angle_To_Pwm      main.o
    0x080011e4   0x080011e4   0x000002a4   Code   RO            5    i.Cal_Tar_Theta     main.o
    0x08001488   0x08001488   0x00000064   Code   RO            6    i.Distance_Measure  main.o
    0x080014ec   0x080014ec   0x000001e4   Code   RO          232    i.Flip_GPIO_One     servo.o
    0x080016d0   0x080016d0   0x00000116   Code   RO          554    i.GPIO_Init         stm32f10x_gpio.o
    0x080017e6   0x080017e6   0x00000002   PAD
    0x080017e8   0x080017e8   0x00000090   Code   RO          556    i.GPIO_PinRemapConfig  stm32f10x_gpio.o
    0x08001878   0x08001878   0x00000004   Code   RO          561    i.GPIO_ResetBits    stm32f10x_gpio.o
    0x0800187c   0x0800187c   0x00000004   Code   RO          562    i.GPIO_SetBits      stm32f10x_gpio.o
    0x08001880   0x08001880   0x00000038   Code   RO          151    i.LED_Init          led.o
    0x080018b8   0x080018b8   0x00000028   Code   RO          152    i.Led_Test          led.o
    0x080018e0   0x080018e0   0x00000070   Code   RO          500    i.NVIC_Init         misc.o
    0x08001950   0x08001950   0x00000014   Code   RO          501    i.NVIC_PriorityGroupConfig  misc.o
    0x08001964   0x08001964   0x00000074   Code   RO            7    i.PID_Col_Theta     main.o
    0x080019d8   0x080019d8   0x00000020   Code   RO          676    i.RCC_APB1PeriphClockCmd  stm32f10x_rcc.o
    0x080019f8   0x080019f8   0x00000020   Code   RO          677    i.RCC_APB1PeriphResetCmd  stm32f10x_rcc.o
    0x08001a18   0x08001a18   0x00000020   Code   RO          678    i.RCC_APB2PeriphClockCmd  stm32f10x_rcc.o
    0x08001a38   0x08001a38   0x00000020   Code   RO          679    i.RCC_APB2PeriphResetCmd  stm32f10x_rcc.o
    0x08001a58   0x08001a58   0x000000d4   Code   RO          686    i.RCC_GetClocksFreq  stm32f10x_rcc.o
    0x08001b2c   0x08001b2c   0x00000018   Code   RO          233    i.Servo1            servo.o
    0x08001b44   0x08001b44   0x00000068   Code   RO          234    i.Servor_GPIO_Config  servo.o
    0x08001bac   0x08001bac   0x00000008   Code   RO         1645    i.SetSysClock       system_stm32f10x.o
    0x08001bb4   0x08001bb4   0x000000e0   Code   RO         1646    i.SetSysClockTo72   system_stm32f10x.o
    0x08001c94   0x08001c94   0x00000028   Code   RO          504    i.SysTick_CLKSourceConfig  misc.o
    0x08001cbc   0x08001cbc   0x00000060   Code   RO         1648    i.SystemInit        system_stm32f10x.o
    0x08001d1c   0x08001d1c   0x00000080   Code   RO          886    i.TI1_Config        stm32f10x_tim.o
    0x08001d9c   0x08001d9c   0x00000098   Code   RO          887    i.TI2_Config        stm32f10x_tim.o
    0x08001e34   0x08001e34   0x00000090   Code   RO          888    i.TI3_Config        stm32f10x_tim.o
    0x08001ec4   0x08001ec4   0x00000098   Code   RO          889    i.TI4_Config        stm32f10x_tim.o
    0x08001f5c   0x08001f5c   0x00000056   Code   RO          276    i.TIM2_Configuration  tim.o
    0x08001fb2   0x08001fb2   0x00000022   Code   RO          277    i.TIM2_IRQHandler   tim.o
    0x08001fd4   0x08001fd4   0x00000028   Code   RO          278    i.TIM2_NVIC_Configuration  tim.o
    0x08001ffc   0x08001ffc   0x000000bc   Code   RO          184    i.TIM3_Cap_Init     ultrasonic.o
    0x080020b8   0x080020b8   0x000000c0   Code   RO          185    i.TIM3_IRQHandler   ultrasonic.o
    0x08002178   0x08002178   0x00000006   Code   RO          896    i.TIM_ClearFlag     stm32f10x_tim.o
    0x0800217e   0x0800217e   0x00000006   Code   RO          897    i.TIM_ClearITPendingBit  stm32f10x_tim.o
    0x08002184   0x08002184   0x00000018   Code   RO          902    i.TIM_Cmd           stm32f10x_tim.o
    0x0800219c   0x0800219c   0x000001e8   Code   RO          907    i.TIM_DeInit        stm32f10x_tim.o
    0x08002384   0x08002384   0x00000006   Code   RO          918    i.TIM_GetCapture2   stm32f10x_tim.o
    0x0800238a   0x0800238a   0x00000022   Code   RO          923    i.TIM_GetITStatus   stm32f10x_tim.o
    0x080023ac   0x080023ac   0x000000ac   Code   RO          925    i.TIM_ICInit        stm32f10x_tim.o
    0x08002458   0x08002458   0x00000012   Code   RO          927    i.TIM_ITConfig      stm32f10x_tim.o
    0x0800246a   0x0800246a   0x0000001a   Code   RO          938    i.TIM_OC2PolarityConfig  stm32f10x_tim.o
    0x08002484   0x08002484   0x00000004   Code   RO          967    i.TIM_SetCounter    stm32f10x_tim.o
    0x08002488   0x08002488   0x00000012   Code   RO          968    i.TIM_SetIC1Prescaler  stm32f10x_tim.o
    0x0800249a   0x0800249a   0x0000001a   Code   RO          969    i.TIM_SetIC2Prescaler  stm32f10x_tim.o
    0x080024b4   0x080024b4   0x00000012   Code   RO          970    i.TIM_SetIC3Prescaler  stm32f10x_tim.o
    0x080024c6   0x080024c6   0x0000001a   Code   RO          971    i.TIM_SetIC4Prescaler  stm32f10x_tim.o
    0x080024e0   0x080024e0   0x000000a4   Code   RO          973    i.TIM_TimeBaseInit  stm32f10x_tim.o
    0x08002584   0x08002584   0x00000014   Code   RO          284    i.Timer_Init        tim.o
    0x08002598   0x08002598   0x00000020   Code   RO            9    i.To_Target         main.o
    0x080025b8   0x080025b8   0x00000040   Code   RO          186    i.Triger_PB3_Init   ultrasonic.o
    0x080025f8   0x080025f8   0x0000010c   Code   RO          447    i.USART1_IRQHandler  usart.o
    0x08002704   0x08002704   0x00000018   Code   RO         1450    i.USART_Cmd         stm32f10x_usart.o
    0x0800271c   0x0800271c   0x0000001a   Code   RO         1453    i.USART_GetFlagStatus  stm32f10x_usart.o
    0x08002736   0x08002736   0x00000054   Code   RO         1454    i.USART_GetITStatus  stm32f10x_usart.o
    0x0800278a   0x0800278a   0x0000004a   Code   RO         1456    i.USART_ITConfig    stm32f10x_usart.o
    0x080027d4   0x080027d4   0x000000d8   Code   RO         1457    i.USART_Init        stm32f10x_usart.o
    0x080028ac   0x080028ac   0x0000000a   Code   RO         1464    i.USART_ReceiveData  stm32f10x_usart.o
    0x080028b6   0x080028b6   0x00000008   Code   RO         1467    i.USART_SendData    stm32f10x_usart.o
    0x080028be   0x080028be   0x00000002   PAD
    0x080028c0   0x080028c0   0x00000020   Code   RO          187    i.Ultrasonic_Trig   ultrasonic.o
    0x080028e0   0x080028e0   0x00000028   Code   RO         1815    i.__ARM_fpclassify  m_ws.l(fpclassify.o)
    0x08002908   0x08002908   0x000000aa   Code   RO         1817    i.__kernel_poly     m_ws.l(poly.o)
    0x080029b2   0x080029b2   0x00000002   PAD
    0x080029b4   0x080029b4   0x00000010   Code   RO         1801    i.__mathlib_dbl_divzero  m_ws.l(dunder.o)
    0x080029c4   0x080029c4   0x00000006   Code   RO         1802    i.__mathlib_dbl_infnan  m_ws.l(dunder.o)
    0x080029ca   0x080029ca   0x00000004   Code   RO         1803    i.__mathlib_dbl_infnan2  m_ws.l(dunder.o)
    0x080029ce   0x080029ce   0x0000000c   Code   RO         1804    i.__mathlib_dbl_invalid  m_ws.l(dunder.o)
    0x080029da   0x080029da   0x0000000e   Code   RO         1805    i.__mathlib_dbl_overflow  m_ws.l(dunder.o)
    0x080029e8   0x080029e8   0x00000010   Code   RO         1807    i.__mathlib_dbl_underflow  m_ws.l(dunder.o)
    0x080029f8   0x080029f8   0x00000004   Code   RO          448    i._sys_exit         usart.o
    0x080029fc   0x080029fc   0x0000027c   Code   RO         1753    i.acos              m_ws.l(acos.o)
    0x08002c78   0x08002c78   0x00000220   Code   RO         1763    i.atan              m_ws.l(atan.o)
    0x08002e98   0x08002e98   0x00000044   Code   RO          363    i.delay_init        delay.o
    0x08002edc   0x08002edc   0x0000004c   Code   RO          364    i.delay_ms          delay.o
    0x08002f28   0x08002f28   0x0000004c   Code   RO          365    i.delay_us          delay.o
    0x08002f74   0x08002f74   0x0000001c   Code   RO          449    i.fputc             usart.o
    0x08002f90   0x08002f90   0x00000428   Code   RO           10    i.main              main.o
    0x080033b8   0x080033b8   0x000009d8   Code   RO         1773    i.pow               m_ws.l(pow.o)
    0x08003d90   0x08003d90   0x0000004c   Code   RO         1821    i.sqrt              m_ws.l(sqrt.o)
    0x08003ddc   0x08003ddc   0x000000a0   Code   RO          450    i.uart_init         usart.o
    0x08003e7c   0x08003e7c   0x0000002c   Code   RO         1889    locale$$code        c_w.l(lc_numeric_c.o)
    0x08003ea8   0x08003ea8   0x00000150   Code   RO         1724    x$fpl$dadd          fz_ws.l(daddsub_clz.o)
    0x08003ff8   0x08003ff8   0x00000010   Code   RO         1891    x$fpl$dcheck1       fz_ws.l(dcheck1.o)
    0x08004008   0x08004008   0x00000018   Code   RO         1792    x$fpl$dcmpinf       fz_ws.l(dcmpi.o)
    0x08004020   0x08004020   0x000002b0   Code   RO         1731    x$fpl$ddiv          fz_ws.l(ddiv.o)
    0x080042d0   0x080042d0   0x0000005e   Code   RO         1734    x$fpl$dfix          fz_ws.l(dfix.o)
    0x0800432e   0x0800432e   0x0000002e   Code   RO         1739    x$fpl$dflt          fz_ws.l(dflt_clz.o)
    0x0800435c   0x0800435c   0x00000026   Code   RO         1738    x$fpl$dfltu         fz_ws.l(dflt_clz.o)
    0x08004382   0x08004382   0x00000002   PAD
    0x08004384   0x08004384   0x00000078   Code   RO         1744    x$fpl$dleqf         fz_ws.l(dleqf.o)
    0x080043fc   0x080043fc   0x00000154   Code   RO         1746    x$fpl$dmul          fz_ws.l(dmul.o)
    0x08004550   0x08004550   0x0000009c   Code   RO         1794    x$fpl$dnaninf       fz_ws.l(dnaninf.o)
    0x080045ec   0x080045ec   0x0000000c   Code   RO         1796    x$fpl$dretinf       fz_ws.l(dretinf.o)
    0x080045f8   0x080045f8   0x0000006c   Code   RO         1748    x$fpl$drleqf        fz_ws.l(drleqf.o)
    0x08004664   0x08004664   0x00000016   Code   RO         1725    x$fpl$drsb          fz_ws.l(daddsub_clz.o)
    0x0800467a   0x0800467a   0x00000002   PAD
    0x0800467c   0x0800467c   0x000001cc   Code   RO         1893    x$fpl$dsqrt         fz_ws.l(dsqrt_noumaal.o)
    0x08004848   0x08004848   0x000001d4   Code   RO         1726    x$fpl$dsub          fz_ws.l(daddsub_clz.o)
    0x08004a1c   0x08004a1c   0x00000004   Code   RO         1750    x$fpl$printf1       fz_ws.l(printf1.o)
    0x08004a20   0x08004a20   0x00000064   Code   RO         1959    x$fpl$retnan        fz_ws.l(retnan.o)
    0x08004a84   0x08004a84   0x0000005c   Code   RO         1798    x$fpl$scalbn        fz_ws.l(scalbn.o)
    0x08004ae0   0x08004ae0   0x00000030   Code   RO         1967    x$fpl$trapveneer    fz_ws.l(trapv.o)
    0x08004b10   0x08004b10   0x00000000   Code   RO         1800    x$fpl$usenofp       fz_ws.l(usenofp.o)
    0x08004b10   0x08004b10   0x00000050   Data   RO         1754    .constdata          m_ws.l(acos.o)
    0x08004b60   0x08004b60   0x00000098   Data   RO         1764    .constdata          m_ws.l(atan.o)
    0x08004bf8   0x08004bf8   0x00000088   Data   RO         1774    .constdata          m_ws.l(pow.o)
    0x08004c80   0x08004c80   0x00000008   Data   RO         1819    .constdata          m_ws.l(qnan.o)
    0x08004c88   0x08004c88   0x00000094   Data   RO         1860    .constdata          c_w.l(bigflt0.o)
    0x08004d1c   0x08004d1c   0x00000020   Data   RO         2038    Region$$Table       anon$$obj.o
    0x08004d3c   0x08004d3c   0x0000001c   Data   RO         1888    locale$$data        c_w.l(lc_numeric_c.o)


    Execution Region RW_IRAM1 (Exec base: 0x20000000, Load base: 0x08004d58, Size: 0x000007b8, Max: 0x00005000, ABSOLUTE)

    Exec Addr    Load Addr    Size         Type   Attr      Idx    E Section Name        Object

    0x20000000   0x08004d58   0x00000078   Data   RW           12    .data               main.o
    0x20000078   0x08004dd0   0x00000004   Data   RW          188    .data               ultrasonic.o
    0x2000007c   0x08004dd4   0x00000003   Data   RW          236    .data               servo.o
    0x2000007f   0x08004dd7   0x00000001   PAD
    0x20000080   0x08004dd8   0x00000004   Data   RW          366    .data               delay.o
    0x20000084   0x08004ddc   0x00000005   Data   RW          451    .data               usart.o
    0x20000089   0x08004de1   0x00000014   Data   RW          706    .data               stm32f10x_rcc.o
    0x2000009d   0x08004df5   0x00000003   PAD
    0x200000a0   0x08004df8   0x00000014   Data   RW         1649    .data               system_stm32f10x.o
    0x200000b4   0x08004e0c   0x00000004   PAD
    0x200000b8        -       0x000000a0   Zero   RW           11    .bss                main.o
    0x20000158        -       0x00000060   Zero   RW         1898    .bss                c_w.l(libspace.o)
    0x200001b8        -       0x00000200   Zero   RW         1636    HEAP                startup_stm32f10x_md.o
    0x200003b8        -       0x00000400   Zero   RW         1635    STACK               startup_stm32f10x_md.o


==============================================================================

Image component sizes


      Code (inc. data)   RO Data    RW Data    ZI Data      Debug   Object Name

       220         26          0          4          0       1659   delay.o
        96         10          0          0          0        918   led.o
      2104        380          0        120        160     257480   main.o
       172         22          0          0          0       2365   misc.o
       612         62          0          3          0       2098   servo.o
        64         26        236          0       1536        808   startup_stm32f10x_md.o
       430          6          0          0          0       4206   stm32f10x_gpio.o
       340         44          0         20          0       5940   stm32f10x_rcc.o
      1612        214          0          0          0      13379   stm32f10x_tim.o
       442          6          0          0          0       6613   stm32f10x_usart.o
       328         28          0         20          0       2429   system_stm32f10x.o
       180          0          0          0          0       1926   tim.o
       476         44          0          4          0       2676   ultrasonic.o
       460         44          0          5          0       4414   usart.o

    ----------------------------------------------------------------------
      7540        912        268        180       1700     306911   Object Totals
         0          0         32          0          0          0   (incl. Generated)
         4          0          0          4          4          0   (incl. Padding)

    ----------------------------------------------------------------------

      Code (inc. data)   RO Data    RW Data    ZI Data      Debug   Library Member Name

         8          0          0          0          0         68   __main.o
       104          0          0          0          0         84   __printf.o
         0          0          0          0          0          0   __rtentry.o
        12          0          0          0          0          0   __rtentry2.o
         6          0          0          0          0          0   __rtentry4.o
        52          8          0          0          0          0   __scatter.o
        26          0          0          0          0          0   __scatter_copy.o
        28          0          0          0          0          0   __scatter_zi.o
        48          6          0          0          0         96   _printf_char_common.o
        36          4          0          0          0         80   _printf_char_file.o
         6          0          0          0          0          0   _printf_f.o
      1054          0          0          0          0        216   _printf_fp_dec.o
       128         16          0          0          0         84   _printf_fp_infnan.o
         0          0          0          0          0          0   _printf_percent.o
         4          0          0          0          0          0   _printf_percent_end.o
        22          0          0          0          0        100   _rserrno.o
       228          4        148          0          0         96   bigflt0.o
      1936        128          0          0          0        672   btod.o
        18          0          0          0          0         80   exit.o
         8          0          0          0          0         68   ferror.o
         6          0          0          0          0        152   heapauxi.o
        44         10         28          0          0         76   lc_numeric_c.o
         2          0          0          0          0          0   libinit.o
        18          0          0          0          0          0   libinit2.o
         2          0          0          0          0          0   libshutdown.o
         2          0          0          0          0          0   libshutdown2.o
         8          4          0          0         96         68   libspace.o
       138          0          0          0          0         80   lludiv10.o
        24          4          0          0          0         84   noretval__2printf.o
         8          4          0          0          0         68   rt_errno_addr_intlibspace.o
         8          4          0          0          0         68   rt_locale_intlibspace.o
         2          0          0          0          0          0   rtexit.o
        10          0          0          0          0          0   rtexit2.o
       128          0          0          0          0         68   strcmpv7m.o
        74          0          0          0          0         80   sys_stackheap_outer.o
         2          0          0          0          0         68   use_no_semi.o
         2          0          0          0          0         68   use_no_semi_2.o
       826         16          0          0          0        348   daddsub_clz.o
        16          4          0          0          0         68   dcheck1.o
        24          0          0          0          0         68   dcmpi.o
       688        140          0          0          0        208   ddiv.o
        94          4          0          0          0         92   dfix.o
        84          0          0          0          0        136   dflt_clz.o
       120          4          0          0          0         92   dleqf.o
       340         12          0          0          0        104   dmul.o
       156          4          0          0          0         92   dnaninf.o
        12          0          0          0          0         68   dretinf.o
       108          0          0          0          0         80   drleqf.o
       460         56          0          0          0        120   dsqrt_noumaal.o
         4          0          0          0          0         68   printf1.o
       100          0          0          0          0         68   retnan.o
        92          0          0          0          0         68   scalbn.o
        48          0          0          0          0         68   trapv.o
         0          0          0          0          0          0   usenofp.o
       636         62         80          0          0        188   acos.o
       544         70        152          0          0        124   atan.o
        68         10          0          0          0        408   dunder.o
        40          0          0          0          0         68   fpclassify.o
       170          0          0          0          0         96   poly.o
      2520        190        136          0          0        324   pow.o
         0          0          8          0          0          0   qnan.o
        76          0          0          0          0         84   sqrt.o

    ----------------------------------------------------------------------
     11440        764        552          0         96       5564   Library Totals
        12          0          0          0          0          0   (incl. Padding)

    ----------------------------------------------------------------------

      Code (inc. data)   RO Data    RW Data    ZI Data      Debug   Library Name

      4202        192        176          0         96       2524   c_w.l
      3172        240          0          0          0       1748   fz_ws.l
      4054        332        376          0          0       1292   m_ws.l

    ----------------------------------------------------------------------
     11440        764        552          0         96       5564   Library Totals

    ----------------------------------------------------------------------

==============================================================================


      Code (inc. data)   RO Data    RW Data    ZI Data      Debug   

     18980       1676        820        180       1796     306231   Grand Totals
     18980       1676        820        180       1796     306231   ELF Image Totals
     18980       1676        820        180          0          0   ROM Totals

==============================================================================

    Total RO  Size (Code + RO Data)                19800 (  19.34kB)
    Total RW  Size (RW Data + ZI Data)              1976 (   1.93kB)
    Total ROM Size (Code + RO Data + RW Data)      19980 (  19.51kB)

==============================================================================

